 HFMAGPSU-IOC-02

 Timestamp is 59946828 (Wed Aug 16 16:43:36 2017)

 Preferred load address is 0000000140000000

 Start         Length     Name                   Class
 0001:00000000 00001090H .text$di                CODE
 0001:00001090 00000ff0H .text$mn                CODE
 0001:00002080 00000012H .text$mn$00             CODE
 0001:00002092 00000036H .text$x                 CODE
 0002:00000000 00000a08H .idata$5                DATA
 0002:00000a08 00000010H .00cfg                  DATA
 0002:00000a18 00000008H .CRT$XCA                DATA
 0002:00000a20 00000008H .CRT$XCAA               DATA
 0002:00000a28 00000028H .CRT$XCU                DATA
 0002:00000a50 00000008H .CRT$XCZ                DATA
 0002:00000a58 00000008H .CRT$XIA                DATA
 0002:00000a60 00000008H .CRT$XIAA               DATA
 0002:00000a68 00000008H .CRT$XIAC               DATA
 0002:00000a70 00000008H .CRT$XIZ                DATA
 0002:00000a78 00000008H .CRT$XPA                DATA
 0002:00000a80 00000008H .CRT$XPZ                DATA
 0002:00000a88 00000008H .CRT$XTA                DATA
 0002:00000a90 00000010H .CRT$XTZ                DATA
 0002:00000a98 00000000H .gfids$y                DATA
 0002:00000aa0 00001460H .rdata                  DATA
 0002:00001f00 00000300H .rdata$zzzdbg           DATA
 0002:00002200 00000008H .rtc$IAA                DATA
 0002:00002208 00000008H .rtc$IZZ                DATA
 0002:00002210 00000008H .rtc$TAA                DATA
 0002:00002218 00000008H .rtc$TZZ                DATA
 0002:00002220 00000100H .xdata                  DATA
 0002:00002320 00000000H .edata                  DATA
 0002:00002320 000001a4H .idata$2                DATA
 0002:000024c4 00000014H .idata$3                DATA
 0002:000024d8 00000a08H .idata$4                DATA
 0002:00002ee0 00002218H .idata$6                DATA
 0003:00000000 000002c0H .data                   DATA
 0003:000002c0 00000c08H .bss                    DATA
 0004:00000000 0000018cH .pdata                  DATA

  Address         Publics by Value              Rva+Base               Lib:Object

 0000:00000000       __guard_longjmp_count      0000000000000000     <absolute>
 0000:00000000       __guard_fids_count         0000000000000000     <absolute>
 0000:00000000       __dynamic_value_reloc_table 0000000000000000     <absolute>
 0000:00000000       ___safe_se_handler_table   0000000000000000     <absolute>
 0000:00000000       __guard_longjmp_table      0000000000000000     <absolute>
 0000:00000000       ___safe_se_handler_count   0000000000000000     <absolute>
 0000:00000000       __guard_iat_count          0000000000000000     <absolute>
 0000:00000000       __guard_iat_table          0000000000000000     <absolute>
 0000:00000000       __guard_fids_table         0000000000000000     <absolute>
 0000:00000100       __guard_flags              0000000000000100     <absolute>
 0000:00000000       __ImageBase                0000000140000000     <linker-defined>
 0001:00001090       __local_stdio_printf_options 0000000140002090 f i HFMAGPSU-IOC-02_registerRecordDeviceDriver.obj
 0001:000010a0       printf                     00000001400020a0 f i HFMAGPSU-IOC-02_registerRecordDeviceDriver.obj
 0001:00001110       __security_check_cookie    0000000140002110 f   MSVCRT:_amdsecgs_.obj
 0001:00001394       mainCRTStartup             0000000140002394 f   MSVCRT:exe_main.obj
 0001:000013a8       __raise_securityfailure    00000001400023a8 f   MSVCRT:gs_report.obj
 0001:000013dc       __report_gsfailure         00000001400023dc f   MSVCRT:gs_report.obj
 0001:00001524       __scrt_acquire_startup_lock 0000000140002524 f   MSVCRT:utility.obj
 0001:00001560       __scrt_initialize_crt      0000000140002560 f   MSVCRT:utility.obj
 0001:000015ac       __scrt_initialize_onexit_tables 00000001400025ac f   MSVCRT:utility.obj
 0001:0000168c       __scrt_is_nonwritable_in_current_image 000000014000268c f   MSVCRT:utility.obj
 0001:00001728       __scrt_release_startup_lock 0000000140002728 f   MSVCRT:utility.obj
 0001:0000174c       __scrt_uninitialize_crt    000000014000274c f   MSVCRT:utility.obj
 0001:00001778       _onexit                    0000000140002778 f   MSVCRT:utility.obj
 0001:000017c8       atexit                     00000001400027c8 f   MSVCRT:utility.obj
 0001:000017e0       __security_init_cookie     00000001400027e0 f   MSVCRT:gs_support.obj
 0001:0000188c       _get_startup_argv_mode     000000014000288c f   MSVCRT:argv_mode.obj
 0001:00001894       _get_startup_file_mode     0000000140002894 f   MSVCRT:file_mode.obj
 0001:0000189c       ?__scrt_initialize_type_info@@YAXXZ 000000014000289c f   MSVCRT:tncleanup.obj
 0001:000018ac       __local_stdio_scanf_options 00000001400028ac f i MSVCRT:default_local_stdio_options.obj
 0001:000018b4       __scrt_initialize_default_local_stdio_options 00000001400028b4 f   MSVCRT:default_local_stdio_options.obj
 0001:000018d0       __scrt_is_user_matherr_present 00000001400028d0 f   MSVCRT:matherr_detection.obj
 0001:000018dc       __scrt_get_dyn_tls_init_callback 00000001400028dc f   MSVCRT:dyn_tls_init.obj
 0001:000018e4       __scrt_get_dyn_tls_dtor_callback 00000001400028e4 f   MSVCRT:dyn_tls_dtor.obj
 0001:000018ec       __scrt_fastfail            00000001400028ec f   MSVCRT:utility_desktop.obj
 0001:00001a34       _get_startup_new_mode      0000000140002a34 f   MSVCRT:new_mode.obj
 0001:00001a34       _matherr                   0000000140002a34 f   MSVCRT:matherr.obj
 0001:00001a34       _get_startup_thread_locale_mode 0000000140002a34 f   MSVCRT:thread_locale.obj
 0001:00001a34       __scrt_initialize_winrt    0000000140002a34 f   MSVCRT:utility_desktop.obj
 0001:00001a34       _get_startup_commit_mode   0000000140002a34 f   MSVCRT:commit_mode.obj
 0001:00001a38       __scrt_is_managed_app      0000000140002a38 f   MSVCRT:utility_desktop.obj
 0001:00001a8c       __scrt_set_unhandled_exception_filter 0000000140002a8c f   MSVCRT:utility_desktop.obj
 0001:00001a9c       __scrt_unhandled_exception_filter 0000000140002a9c f   MSVCRT:utility_desktop.obj
 0001:00001ad4       _RTC_Initialize            0000000140002ad4 f   MSVCRT:_initsect_.obj
 0001:00001b20       _RTC_Terminate             0000000140002b20 f   MSVCRT:_initsect_.obj
 0001:00001b6c       _guard_check_icall         0000000140002b6c f i MSVCRT:checkcfg.obj
 0001:00001b74       __isa_available_init       0000000140002b74 f   MSVCRT:_cpu_disp_.obj
 0001:00001d30       __scrt_is_ucrt_dll_in_use  0000000140002d30 f   MSVCRT:ucrt_detection.obj
 0001:00001d3c       _initialize_denormal_control 0000000140002d3c f i MSVCRT:denormal_control.obj
 0001:00001d3c       _guard_check_icall_nop     0000000140002d3c f i MSVCRT:guard_support.obj
 0001:00001d3c       _initialize_invalid_parameter_handler 0000000140002d3c f i MSVCRT:invalid_parameter_handler.obj
 0001:00001d40       IsProcessorFeaturePresent  0000000140002d40 f   kernel32:KERNEL32.dll
 0001:00001d46       __C_specific_handler       0000000140002d46 f   vcruntime:VCRUNTIME140.dll
 0001:00001d4c       memset                     0000000140002d4c f   vcruntime:VCRUNTIME140.dll
 0001:00001d52       _seh_filter_exe            0000000140002d52 f   ucrt:api-ms-win-crt-runtime-l1-1-0.dll
 0001:00001d58       _set_app_type              0000000140002d58 f   ucrt:api-ms-win-crt-runtime-l1-1-0.dll
 0001:00001d5e       __setusermatherr           0000000140002d5e f   ucrt:api-ms-win-crt-math-l1-1-0.dll
 0001:00001d64       _configure_narrow_argv     0000000140002d64 f   ucrt:api-ms-win-crt-runtime-l1-1-0.dll
 0001:00001d6a       _initialize_narrow_environment 0000000140002d6a f   ucrt:api-ms-win-crt-runtime-l1-1-0.dll
 0001:00001d70       _get_initial_narrow_environment 0000000140002d70 f   ucrt:api-ms-win-crt-runtime-l1-1-0.dll
 0001:00001d76       _initterm                  0000000140002d76 f   ucrt:api-ms-win-crt-runtime-l1-1-0.dll
 0001:00001d7c       _initterm_e                0000000140002d7c f   ucrt:api-ms-win-crt-runtime-l1-1-0.dll
 0001:00001d82       exit                       0000000140002d82 f   ucrt:api-ms-win-crt-runtime-l1-1-0.dll
 0001:00001d88       _exit                      0000000140002d88 f   ucrt:api-ms-win-crt-runtime-l1-1-0.dll
 0001:00001d8e       _set_fmode                 0000000140002d8e f   ucrt:api-ms-win-crt-stdio-l1-1-0.dll
 0001:00001d94       __p___argc                 0000000140002d94 f   ucrt:api-ms-win-crt-runtime-l1-1-0.dll
 0001:00001d9a       __p___argv                 0000000140002d9a f   ucrt:api-ms-win-crt-runtime-l1-1-0.dll
 0001:00001da0       _cexit                     0000000140002da0 f   ucrt:api-ms-win-crt-runtime-l1-1-0.dll
 0001:00001da6       _c_exit                    0000000140002da6 f   ucrt:api-ms-win-crt-runtime-l1-1-0.dll
 0001:00001dac       _register_thread_local_exe_atexit_callback 0000000140002dac f   ucrt:api-ms-win-crt-runtime-l1-1-0.dll
 0001:00001db2       _configthreadlocale        0000000140002db2 f   ucrt:api-ms-win-crt-locale-l1-1-0.dll
 0001:00001db8       _set_new_mode              0000000140002db8 f   ucrt:api-ms-win-crt-heap-l1-1-0.dll
 0001:00001dbe       __p__commode               0000000140002dbe f   ucrt:api-ms-win-crt-stdio-l1-1-0.dll
 0001:00001dc4       _initialize_onexit_table   0000000140002dc4 f   ucrt:api-ms-win-crt-runtime-l1-1-0.dll
 0001:00001dca       _register_onexit_function  0000000140002dca f   ucrt:api-ms-win-crt-runtime-l1-1-0.dll
 0001:00001dd0       _crt_atexit                0000000140002dd0 f   ucrt:api-ms-win-crt-runtime-l1-1-0.dll
 0001:00001dd6       terminate                  0000000140002dd6 f   ucrt:api-ms-win-crt-runtime-l1-1-0.dll
 0001:00001ddc       __scrt_stub_for_acrt_uninitialize 0000000140002ddc f   MSVCRT:ucrt_stubs.obj
 0001:00001ddc       __acrt_initialize          0000000140002ddc f   MSVCRT:ucrt_stubs.obj
 0001:00001ddc       __vcrt_uninitialize        0000000140002ddc f   MSVCRT:ucrt_stubs.obj
 0001:00001ddc       __vcrt_initialize          0000000140002ddc f   MSVCRT:ucrt_stubs.obj
 0001:00001ddc       __acrt_uninitialize        0000000140002ddc f   MSVCRT:ucrt_stubs.obj
 0001:00001ddc       _should_initialize_environment 0000000140002ddc f   MSVCRT:env_mode.obj
 0001:00001ddc       __scrt_stub_for_acrt_initialize 0000000140002ddc f   MSVCRT:ucrt_stubs.obj
 0001:00001e30       HFMAGPSU_IOC_02_registerRecordDeviceDriver 0000000140002e30 f   HFMAGPSU-IOC-02_registerRecordDeviceDriver.obj
 0001:00002040       main                       0000000140003040 f   HFMAGPSU-IOC-02Main.obj
 0001:00002078       strcmp                     0000000140003078 f   ucrt:api-ms-win-crt-string-l1-1-0.dll
 0001:00002090       _guard_dispatch_icall_nop  0000000140003090 f   MSVCRT:_guard_dispatch_.obj
 0002:00000000       __imp_pvar_int_atExitDebug 0000000140004000     Com:Com.dll
 0002:00000008       __imp_iocshRegister        0000000140004008     Com:Com.dll
 0002:00000010       __imp_iocshRegisterVariable 0000000140004010     Com:Com.dll
 0002:00000018       __imp_iocshPpdbbase        0000000140004018     Com:Com.dll
 0002:00000020       __imp_epicsExit            0000000140004020     Com:Com.dll
 0002:00000028       __imp_iocsh                0000000140004028     Com:Com.dll
 0002:00000030       __imp_epicsThreadSleep     0000000140004030     Com:Com.dll
 0002:00000038       \177Com_NULL_THUNK_DATA    0000000140004038     Com:Com.dll
 0002:00000040       __imp_GetSystemTimeAsFileTime 0000000140004040     kernel32:KERNEL32.dll
 0002:00000048       __imp_IsDebuggerPresent    0000000140004048     kernel32:KERNEL32.dll
 0002:00000050       __imp_InitializeSListHead  0000000140004050     kernel32:KERNEL32.dll
 0002:00000058       __imp_GetModuleHandleW     0000000140004058     kernel32:KERNEL32.dll
 0002:00000060       __imp_GetCurrentThreadId   0000000140004060     kernel32:KERNEL32.dll
 0002:00000068       __imp_GetCurrentProcessId  0000000140004068     kernel32:KERNEL32.dll
 0002:00000070       __imp_RtlCaptureContext    0000000140004070     kernel32:KERNEL32.dll
 0002:00000078       __imp_RtlLookupFunctionEntry 0000000140004078     kernel32:KERNEL32.dll
 0002:00000080       __imp_RtlVirtualUnwind     0000000140004080     kernel32:KERNEL32.dll
 0002:00000088       __imp_QueryPerformanceCounter 0000000140004088     kernel32:KERNEL32.dll
 0002:00000090       __imp_IsProcessorFeaturePresent 0000000140004090     kernel32:KERNEL32.dll
 0002:00000098       __imp_TerminateProcess     0000000140004098     kernel32:KERNEL32.dll
 0002:000000a0       __imp_GetCurrentProcess    00000001400040a0     kernel32:KERNEL32.dll
 0002:000000a8       __imp_SetUnhandledExceptionFilter 00000001400040a8     kernel32:KERNEL32.dll
 0002:000000b0       __imp_UnhandledExceptionFilter 00000001400040b0     kernel32:KERNEL32.dll
 0002:000000b8       \177KERNEL32_NULL_THUNK_DATA 00000001400040b8     kernel32:KERNEL32.dll
 0002:000000c0       __imp_memset               00000001400040c0     vcruntime:VCRUNTIME140.dll
 0002:000000c8       __imp___C_specific_handler 00000001400040c8     vcruntime:VCRUNTIME140.dll
 0002:000000d0       \177VCRUNTIME140_NULL_THUNK_DATA 00000001400040d0     vcruntime:VCRUNTIME140.dll
 0002:000000d8       __imp_getenv               00000001400040d8     ucrt:api-ms-win-crt-environment-l1-1-0.dll
 0002:000000e0       \177api-ms-win-crt-environment-l1-1-0_NULL_THUNK_DATA 00000001400040e0     ucrt:api-ms-win-crt-environment-l1-1-0.dll
 0002:000000e8       __imp__set_new_mode        00000001400040e8     ucrt:api-ms-win-crt-heap-l1-1-0.dll
 0002:000000f0       \177api-ms-win-crt-heap-l1-1-0_NULL_THUNK_DATA 00000001400040f0     ucrt:api-ms-win-crt-heap-l1-1-0.dll
 0002:000000f8       __imp__configthreadlocale  00000001400040f8     ucrt:api-ms-win-crt-locale-l1-1-0.dll
 0002:00000100       \177api-ms-win-crt-locale-l1-1-0_NULL_THUNK_DATA 0000000140004100     ucrt:api-ms-win-crt-locale-l1-1-0.dll
 0002:00000108       __imp___setusermatherr     0000000140004108     ucrt:api-ms-win-crt-math-l1-1-0.dll
 0002:00000110       \177api-ms-win-crt-math-l1-1-0_NULL_THUNK_DATA 0000000140004110     ucrt:api-ms-win-crt-math-l1-1-0.dll
 0002:00000118       __imp__cexit               0000000140004118     ucrt:api-ms-win-crt-runtime-l1-1-0.dll
 0002:00000120       __imp__exit                0000000140004120     ucrt:api-ms-win-crt-runtime-l1-1-0.dll
 0002:00000128       __imp_exit                 0000000140004128     ucrt:api-ms-win-crt-runtime-l1-1-0.dll
 0002:00000130       __imp__initterm_e          0000000140004130     ucrt:api-ms-win-crt-runtime-l1-1-0.dll
 0002:00000138       __imp__initterm            0000000140004138     ucrt:api-ms-win-crt-runtime-l1-1-0.dll
 0002:00000140       __imp__get_initial_narrow_environment 0000000140004140     ucrt:api-ms-win-crt-runtime-l1-1-0.dll
 0002:00000148       __imp__initialize_narrow_environment 0000000140004148     ucrt:api-ms-win-crt-runtime-l1-1-0.dll
 0002:00000150       __imp__configure_narrow_argv 0000000140004150     ucrt:api-ms-win-crt-runtime-l1-1-0.dll
 0002:00000158       __imp___p___argc           0000000140004158     ucrt:api-ms-win-crt-runtime-l1-1-0.dll
 0002:00000160       __imp__set_app_type        0000000140004160     ucrt:api-ms-win-crt-runtime-l1-1-0.dll
 0002:00000168       __imp__seh_filter_exe      0000000140004168     ucrt:api-ms-win-crt-runtime-l1-1-0.dll
 0002:00000170       __imp___p___argv           0000000140004170     ucrt:api-ms-win-crt-runtime-l1-1-0.dll
 0002:00000178       __imp__initialize_onexit_table 0000000140004178     ucrt:api-ms-win-crt-runtime-l1-1-0.dll
 0002:00000180       __imp__register_thread_local_exe_atexit_callback 0000000140004180     ucrt:api-ms-win-crt-runtime-l1-1-0.dll
 0002:00000188       __imp__c_exit              0000000140004188     ucrt:api-ms-win-crt-runtime-l1-1-0.dll
 0002:00000190       __imp__crt_atexit          0000000140004190     ucrt:api-ms-win-crt-runtime-l1-1-0.dll
 0002:00000198       __imp_terminate            0000000140004198     ucrt:api-ms-win-crt-runtime-l1-1-0.dll
 0002:000001a0       __imp__register_onexit_function 00000001400041a0     ucrt:api-ms-win-crt-runtime-l1-1-0.dll
 0002:000001a8       \177api-ms-win-crt-runtime-l1-1-0_NULL_THUNK_DATA 00000001400041a8     ucrt:api-ms-win-crt-runtime-l1-1-0.dll
 0002:000001b0       __imp___acrt_iob_func      00000001400041b0     ucrt:api-ms-win-crt-stdio-l1-1-0.dll
 0002:000001b8       __imp___stdio_common_vfprintf 00000001400041b8     ucrt:api-ms-win-crt-stdio-l1-1-0.dll
 0002:000001c0       __imp___p__commode         00000001400041c0     ucrt:api-ms-win-crt-stdio-l1-1-0.dll
 0002:000001c8       __imp__set_fmode           00000001400041c8     ucrt:api-ms-win-crt-stdio-l1-1-0.dll
 0002:000001d0       \177api-ms-win-crt-stdio-l1-1-0_NULL_THUNK_DATA 00000001400041d0     ucrt:api-ms-win-crt-stdio-l1-1-0.dll
 0002:000001d8       __imp_strcmp               00000001400041d8     ucrt:api-ms-win-crt-string-l1-1-0.dll
 0002:000001e0       \177api-ms-win-crt-string-l1-1-0_NULL_THUNK_DATA 00000001400041e0     ucrt:api-ms-win-crt-string-l1-1-0.dll
 0002:000001e8       __imp_pvar_dset_asynMbbiDirectUInt32Digital 00000001400041e8     asyn:asyn.dll
 0002:000001f0       __imp_pvar_dset_asynInt16ArrayWfIn 00000001400041f0     asyn:asyn.dll
 0002:000001f8       __imp_pvar_dset_asynFloat64ArrayWfOut 00000001400041f8     asyn:asyn.dll
 0002:00000200       __imp_pvar_dset_asynInt32TimeSeries 0000000140004200     asyn:asyn.dll
 0002:00000208       __imp_pvar_dset_asynLiInt32 0000000140004208     asyn:asyn.dll
 0002:00000210       __imp_pvar_func_asynRecordSizeOffset 0000000140004210     asyn:asyn.dll
 0002:00000218       __imp_pvar_dset_asynMbboInt32 0000000140004218     asyn:asyn.dll
 0002:00000220       __imp_pvar_dset_asynLoUInt32Digital 0000000140004220     asyn:asyn.dll
 0002:00000228       __imp_pvar_dset_asynWfOctetCmdResponse 0000000140004228     asyn:asyn.dll
 0002:00000230       __imp_pvar_func_drvAsynIPServerPortRegisterCommands 0000000140004230     asyn:asyn.dll
 0002:00000238       __imp_pvar_dset_asynAiFloat64Average 0000000140004238     asyn:asyn.dll
 0002:00000240       __imp_pvar_dset_asynSiOctetCmdResponse 0000000140004240     asyn:asyn.dll
 0002:00000248       __imp_pvar_dset_asynBiInt32 0000000140004248     asyn:asyn.dll
 0002:00000250       __imp_pvar_dset_asynInt32ArrayWfOut 0000000140004250     asyn:asyn.dll
 0002:00000258       __imp_pvar_dset_asynSiOctetWriteRead 0000000140004258     asyn:asyn.dll
 0002:00000260       __imp_pvar_func_drvAsynSerialPortRegisterCommands 0000000140004260     asyn:asyn.dll
 0002:00000268       __imp_pvar_dset_asynAiInt32Average 0000000140004268     asyn:asyn.dll
 0002:00000270       __imp_pvar_func_asynRegister 0000000140004270     asyn:asyn.dll
 0002:00000278       __imp_pvar_func_drvAsynIPPortRegisterCommands 0000000140004278     asyn:asyn.dll
 0002:00000280       __imp_pvar_dset_asynSoOctetWrite 0000000140004280     asyn:asyn.dll
 0002:00000288       __imp_pvar_dset_asynAiFloat64 0000000140004288     asyn:asyn.dll
 0002:00000290       __imp_pvar_dset_asynInt8ArrayWfOut 0000000140004290     asyn:asyn.dll
 0002:00000298       __imp_pvar_dset_asynLiUInt32Digital 0000000140004298     asyn:asyn.dll
 0002:000002a0       __imp_pvar_dset_asynMbboDirectUInt32Digital 00000001400042a0     asyn:asyn.dll
 0002:000002a8       __imp_pvar_dset_asynFloat32ArrayWfOut 00000001400042a8     asyn:asyn.dll
 0002:000002b0       __imp_pvar_dset_asynWfOctetWrite 00000001400042b0     asyn:asyn.dll
 0002:000002b8       __imp_pvar_dset_asynFloat32ArrayWfIn 00000001400042b8     asyn:asyn.dll
 0002:000002c0       __imp_pvar_dset_asynWfOctetWriteRead 00000001400042c0     asyn:asyn.dll
 0002:000002c8       __imp_pvar_dset_asynInt32ArrayWfIn 00000001400042c8     asyn:asyn.dll
 0002:000002d0       __imp_pvar_dset_asynMbbiInt32 00000001400042d0     asyn:asyn.dll
 0002:000002d8       __imp_pvar_dset_asynBoUInt32Digital 00000001400042d8     asyn:asyn.dll
 0002:000002e0       __imp_pvar_dset_asynMbboUInt32Digital 00000001400042e0     asyn:asyn.dll
 0002:000002e8       __imp_pvar_dset_asynMbbiUInt32Digital 00000001400042e8     asyn:asyn.dll
 0002:000002f0       __imp_pvar_dset_asynRecordDevice 00000001400042f0     asyn:asyn.dll
 0002:000002f8       __imp_pvar_func_asynInterposeFlushRegister 00000001400042f8     asyn:asyn.dll
 0002:00000300       __imp_pvar_dset_asynAiInt32 0000000140004300     asyn:asyn.dll
 0002:00000308       __imp_pvar_dset_asynAoInt32 0000000140004308     asyn:asyn.dll
 0002:00000310       __imp_pvar_dset_asynBiUInt32Digital 0000000140004310     asyn:asyn.dll
 0002:00000318       __imp_pvar_dset_asynWfOctetWriteBinary 0000000140004318     asyn:asyn.dll
 0002:00000320       __imp_pvar_dset_asynFloat64TimeSeries 0000000140004320     asyn:asyn.dll
 0002:00000328       __imp_pvar_dset_asynBoInt32 0000000140004328     asyn:asyn.dll
 0002:00000330       __imp_pvar_drvet_drvAsyn   0000000140004330     asyn:asyn.dll
 0002:00000338       __imp_pvar_dset_asynLoInt32 0000000140004338     asyn:asyn.dll
 0002:00000340       __imp_pvar_dset_asynSiOctetRead 0000000140004340     asyn:asyn.dll
 0002:00000348       __imp_pvar_func_asynInterposeEosRegister 0000000140004348     asyn:asyn.dll
 0002:00000350       __imp_pvar_dset_asynInt16ArrayWfOut 0000000140004350     asyn:asyn.dll
 0002:00000358       __imp_pvar_dset_asynInt8ArrayWfIn 0000000140004358     asyn:asyn.dll
 0002:00000360       __imp_pvar_dset_asynFloat64ArrayWfIn 0000000140004360     asyn:asyn.dll
 0002:00000368       __imp_pvar_rset_asynRSET   0000000140004368     asyn:asyn.dll
 0002:00000370       __imp_pvar_dset_asynWfOctetRead 0000000140004370     asyn:asyn.dll
 0002:00000378       __imp_pvar_dset_asynAoFloat64 0000000140004378     asyn:asyn.dll
 0002:00000380       \177asyn_NULL_THUNK_DATA   0000000140004380     asyn:asyn.dll
 0002:00000388       __imp_pvar_func_asInitHooksRegister 0000000140004388     autosave:autosave.dll
 0002:00000390       __imp_pvar_func_dbrestoreRegister 0000000140004390     autosave:autosave.dll
 0002:00000398       __imp_pvar_int_save_restoreDebug 0000000140004398     autosave:autosave.dll
 0002:000003a0       __imp_pvar_int_save_restoreNumSeqFiles 00000001400043a0     autosave:autosave.dll
 0002:000003a8       __imp_pvar_int_save_restoreSeqPeriodInSeconds 00000001400043a8     autosave:autosave.dll
 0002:000003b0       __imp_pvar_func_configMenuRegistrar 00000001400043b0     autosave:autosave.dll
 0002:000003b8       __imp_pvar_int_save_restoreIncompleteSetsOk 00000001400043b8     autosave:autosave.dll
 0002:000003c0       __imp_pvar_int_save_restoreRemountThreshold 00000001400043c0     autosave:autosave.dll
 0002:000003c8       __imp_pvar_func_save_restoreRegister 00000001400043c8     autosave:autosave.dll
 0002:000003d0       __imp_pvar_int_configMenuDebug 00000001400043d0     autosave:autosave.dll
 0002:000003d8       __imp_pvar_int_save_restoreDatedBackupFiles 00000001400043d8     autosave:autosave.dll
 0002:000003e0       \177autosave_NULL_THUNK_DATA 00000001400043e0     autosave:autosave.dll
 0002:000003e8       __imp_pvar_func_caPutLogRegister 00000001400043e8     caPutLog:caPutLog.dll
 0002:000003f0       \177caPutLog_NULL_THUNK_DATA 00000001400043f0     caPutLog:caPutLog.dll
 0002:000003f8       __imp_registerDrivers      00000001400043f8     dbCore:dbCore.dll
 0002:00000400       __imp_pvar_int_callbackParallelThreadsDefault 0000000140004400     dbCore:dbCore.dll
 0002:00000408       __imp_pvar_int_dbThreadRealtimeLock 0000000140004408     dbCore:dbCore.dll
 0002:00000410       __imp_pvar_int_asCaDebug   0000000140004410     dbCore:dbCore.dll
 0002:00000418       __imp_pvar_int_dbQuietMacroWarnings 0000000140004418     dbCore:dbCore.dll
 0002:00000420       __imp_iocshRegisterCommon  0000000140004420     dbCore:dbCore.dll
 0002:00000428       __imp_pvar_int_dbRecordsOnceOnly 0000000140004428     dbCore:dbCore.dll
 0002:00000430       __imp_registerRecordTypes  0000000140004430     dbCore:dbCore.dll
 0002:00000438       __imp_registerDevices      0000000140004438     dbCore:dbCore.dll
 0002:00000440       __imp_pvar_int_dbTemplateMaxVars 0000000140004440     dbCore:dbCore.dll
 0002:00000448       __imp_pvar_int_dbRecordsAbcSorted 0000000140004448     dbCore:dbCore.dll
 0002:00000450       __imp_pvar_int_dbBptNotMonotonic 0000000140004450     dbCore:dbCore.dll
 0002:00000458       \177dbCore_NULL_THUNK_DATA 0000000140004458     dbCore:dbCore.dll
 0002:00000460       __imp_pvar_dset_devBiSoft  0000000140004460     dbRecStd:dbRecStd.dll
 0002:00000468       __imp_pvar_rset_lsoRSET    0000000140004468     dbRecStd:dbRecStd.dll
 0002:00000470       __imp_pvar_func_asSub      0000000140004470     dbRecStd:dbRecStd.dll
 0002:00000478       __imp_pvar_rset_seqRSET    0000000140004478     dbRecStd:dbRecStd.dll
 0002:00000480       __imp_pvar_dset_devMbboDirectSoftCallback 0000000140004480     dbRecStd:dbRecStd.dll
 0002:00000488       __imp_pvar_rset_waveformRSET 0000000140004488     dbRecStd:dbRecStd.dll
 0002:00000490       __imp_pvar_func_compressRecordSizeOffset 0000000140004490     dbRecStd:dbRecStd.dll
 0002:00000498       __imp_pvar_dset_devMbbiSoftCallback 0000000140004498     dbRecStd:dbRecStd.dll
 0002:000004a0       __imp_pvar_rset_subRSET    00000001400044a0     dbRecStd:dbRecStd.dll
 0002:000004a8       __imp_pvar_func_dfanoutRecordSizeOffset 00000001400044a8     dbRecStd:dbRecStd.dll
 0002:000004b0       __imp_pvar_dset_devLiSoft  00000001400044b0     dbRecStd:dbRecStd.dll
 0002:000004b8       __imp_pvar_dset_devAoSoftRaw 00000001400044b8     dbRecStd:dbRecStd.dll
 0002:000004c0       __imp_pvar_func_mbbiDirectRecordSizeOffset 00000001400044c0     dbRecStd:dbRecStd.dll
 0002:000004c8       __imp_pvar_rset_mbbiRSET   00000001400044c8     dbRecStd:dbRecStd.dll
 0002:000004d0       __imp_pvar_dset_devAiSoft  00000001400044d0     dbRecStd:dbRecStd.dll
 0002:000004d8       __imp_pvar_dset_devSiEnviron 00000001400044d8     dbRecStd:dbRecStd.dll
 0002:000004e0       __imp_pvar_rset_subArrayRSET 00000001400044e0     dbRecStd:dbRecStd.dll
 0002:000004e8       __imp_pvar_dset_devLsoStdio 00000001400044e8     dbRecStd:dbRecStd.dll
 0002:000004f0       __imp_pvar_double_boHIGHlimit 00000001400044f0     dbRecStd:dbRecStd.dll
 0002:000004f8       __imp_pvar_dset_devBoSoftCallback 00000001400044f8     dbRecStd:dbRecStd.dll
 0002:00000500       __imp_pvar_func_aoRecordSizeOffset 0000000140004500     dbRecStd:dbRecStd.dll
 0002:00000508       __imp_pvar_rset_histogramRSET 0000000140004508     dbRecStd:dbRecStd.dll
 0002:00000510       __imp_pvar_dset_devSoStdio 0000000140004510     dbRecStd:dbRecStd.dll
 0002:00000518       __imp_pvar_dset_devLiGeneralTime 0000000140004518     dbRecStd:dbRecStd.dll
 0002:00000520       __imp_pvar_int_calcoutODLYprecision 0000000140004520     dbRecStd:dbRecStd.dll
 0002:00000528       __imp_pvar_dset_devEventSoft 0000000140004528     dbRecStd:dbRecStd.dll
 0002:00000530       __imp_pvar_func_fanoutRecordSizeOffset 0000000140004530     dbRecStd:dbRecStd.dll
 0002:00000538       __imp_pvar_func_stringoutRecordSizeOffset 0000000140004538     dbRecStd:dbRecStd.dll
 0002:00000540       __imp_pvar_rset_boRSET     0000000140004540     dbRecStd:dbRecStd.dll
 0002:00000548       __imp_pvar_dset_devAiSoftRaw 0000000140004548     dbRecStd:dbRecStd.dll
 0002:00000550       __imp_pvar_dset_devWfSoft  0000000140004550     dbRecStd:dbRecStd.dll
 0002:00000558       __imp_pvar_dset_devAiSoftCallback 0000000140004558     dbRecStd:dbRecStd.dll
 0002:00000560       __imp_pvar_dset_devMbbiDirectSoft 0000000140004560     dbRecStd:dbRecStd.dll
 0002:00000568       __imp_pvar_func_selRecordSizeOffset 0000000140004568     dbRecStd:dbRecStd.dll
 0002:00000570       __imp_pvar_rset_eventRSET  0000000140004570     dbRecStd:dbRecStd.dll
 0002:00000578       __imp_pvar_dset_devLsiEnviron 0000000140004578     dbRecStd:dbRecStd.dll
 0002:00000580       __imp_pvar_dset_devMbboSoft 0000000140004580     dbRecStd:dbRecStd.dll
 0002:00000588       __imp_pvar_func_waveformRecordSizeOffset 0000000140004588     dbRecStd:dbRecStd.dll
 0002:00000590       __imp_pvar_rset_calcRSET   0000000140004590     dbRecStd:dbRecStd.dll
 0002:00000598       __imp_pvar_func_subRecordSizeOffset 0000000140004598     dbRecStd:dbRecStd.dll
 0002:000005a0       __imp_pvar_rset_fanoutRSET 00000001400045a0     dbRecStd:dbRecStd.dll
 0002:000005a8       __imp_pvar_rset_biRSET     00000001400045a8     dbRecStd:dbRecStd.dll
 0002:000005b0       __imp_pvar_rset_selRSET    00000001400045b0     dbRecStd:dbRecStd.dll
 0002:000005b8       __imp_pvar_rset_aSubRSET   00000001400045b8     dbRecStd:dbRecStd.dll
 0002:000005c0       __imp_pvar_func_printfRecordSizeOffset 00000001400045c0     dbRecStd:dbRecStd.dll
 0002:000005c8       __imp_pvar_dset_devCalcoutSoft 00000001400045c8     dbRecStd:dbRecStd.dll
 0002:000005d0       __imp_pvar_dset_devSiSoft  00000001400045d0     dbRecStd:dbRecStd.dll
 0002:000005d8       __imp_pvar_dset_devAoSoftCallback 00000001400045d8     dbRecStd:dbRecStd.dll
 0002:000005e0       __imp_pvar_rset_mbboDirectRSET 00000001400045e0     dbRecStd:dbRecStd.dll
 0002:000005e8       __imp_pvar_rset_lsiRSET    00000001400045e8     dbRecStd:dbRecStd.dll
 0002:000005f0       __imp_pvar_rset_mbbiDirectRSET 00000001400045f0     dbRecStd:dbRecStd.dll
 0002:000005f8       __imp_pvar_dset_devCalcoutSoftCallback 00000001400045f8     dbRecStd:dbRecStd.dll
 0002:00000600       __imp_pvar_func_aiRecordSizeOffset 0000000140004600     dbRecStd:dbRecStd.dll
 0002:00000608       __imp_pvar_int_boHIGHprecision 0000000140004608     dbRecStd:dbRecStd.dll
 0002:00000610       __imp_pvar_dset_devHistogramSoft 0000000140004610     dbRecStd:dbRecStd.dll
 0002:00000618       __imp_pvar_dset_devMbbiDirectSoftCallback 0000000140004618     dbRecStd:dbRecStd.dll
 0002:00000620       __imp_pvar_rset_longinRSET 0000000140004620     dbRecStd:dbRecStd.dll
 0002:00000628       __imp_pvar_dset_devAoSoft  0000000140004628     dbRecStd:dbRecStd.dll
 0002:00000630       __imp_pvar_dset_devSiGeneralTime 0000000140004630     dbRecStd:dbRecStd.dll
 0002:00000638       __imp_pvar_dset_devBoDbState 0000000140004638     dbRecStd:dbRecStd.dll
 0002:00000640       __imp_pvar_dset_devSoSoftCallback 0000000140004640     dbRecStd:dbRecStd.dll
 0002:00000648       __imp_pvar_dset_devBiSoftCallback 0000000140004648     dbRecStd:dbRecStd.dll
 0002:00000650       __imp_pvar_dset_devMbboDirectSoftRaw 0000000140004650     dbRecStd:dbRecStd.dll
 0002:00000658       __imp_pvar_func_longinRecordSizeOffset 0000000140004658     dbRecStd:dbRecStd.dll
 0002:00000660       __imp_pvar_func_aaiRecordSizeOffset 0000000140004660     dbRecStd:dbRecStd.dll
 0002:00000668       __imp_pvar_func_lsoRecordSizeOffset 0000000140004668     dbRecStd:dbRecStd.dll
 0002:00000670       __imp_pvar_func_aaoRecordSizeOffset 0000000140004670     dbRecStd:dbRecStd.dll
 0002:00000678       __imp_pvar_dset_devLsoSoft 0000000140004678     dbRecStd:dbRecStd.dll
 0002:00000680       __imp_pvar_dset_devMbbiSoft 0000000140004680     dbRecStd:dbRecStd.dll
 0002:00000688       __imp_pvar_rset_permissiveRSET 0000000140004688     dbRecStd:dbRecStd.dll
 0002:00000690       __imp_pvar_dset_devPrintfStdio 0000000140004690     dbRecStd:dbRecStd.dll
 0002:00000698       __imp_pvar_dset_devBiDbState 0000000140004698     dbRecStd:dbRecStd.dll
 0002:000006a0       __imp_pvar_dset_devTimestampSI 00000001400046a0     dbRecStd:dbRecStd.dll
 0002:000006a8       __imp_pvar_rset_aiRSET     00000001400046a8     dbRecStd:dbRecStd.dll
 0002:000006b0       __imp_pvar_func_syncInitialize 00000001400046b0     dbRecStd:dbRecStd.dll
 0002:000006b8       __imp_pvar_dset_devTimestampAI 00000001400046b8     dbRecStd:dbRecStd.dll
 0002:000006c0       __imp_pvar_dset_devAiGeneralTime 00000001400046c0     dbRecStd:dbRecStd.dll
 0002:000006c8       __imp_pvar_double_seqDLYlimit 00000001400046c8     dbRecStd:dbRecStd.dll
 0002:000006d0       __imp_pvar_func_mbbiRecordSizeOffset 00000001400046d0     dbRecStd:dbRecStd.dll
 0002:000006d8       __imp_pvar_func_longoutRecordSizeOffset 00000001400046d8     dbRecStd:dbRecStd.dll
 0002:000006e0       __imp_pvar_dset_devPrintfSoftCallback 00000001400046e0     dbRecStd:dbRecStd.dll
 0002:000006e8       __imp_pvar_int_histogramSDELprecision 00000001400046e8     dbRecStd:dbRecStd.dll
 0002:000006f0       __imp_pvar_rset_stringoutRSET 00000001400046f0     dbRecStd:dbRecStd.dll
 0002:000006f8       __imp_pvar_func_aSubRecordSizeOffset 00000001400046f8     dbRecStd:dbRecStd.dll
 0002:00000700       __imp_pvar_dset_devLoSoft  0000000140004700     dbRecStd:dbRecStd.dll
 0002:00000708       __imp_pvar_func_dbndInitialize 0000000140004708     dbRecStd:dbRecStd.dll
 0002:00000710       __imp_pvar_dset_devSASoft  0000000140004710     dbRecStd:dbRecStd.dll
 0002:00000718       __imp_pvar_double_calcoutODLYlimit 0000000140004718     dbRecStd:dbRecStd.dll
 0002:00000720       __imp_pvar_dset_devBiSoftRaw 0000000140004720     dbRecStd:dbRecStd.dll
 0002:00000728       __imp_pvar_int_seqDLYprecision 0000000140004728     dbRecStd:dbRecStd.dll
 0002:00000730       __imp_pvar_dset_devAaiSoft 0000000140004730     dbRecStd:dbRecStd.dll
 0002:00000738       __imp_pvar_dset_devBoGeneralTime 0000000140004738     dbRecStd:dbRecStd.dll
 0002:00000740       __imp_pvar_dset_devMbboSoftRaw 0000000140004740     dbRecStd:dbRecStd.dll
 0002:00000748       __imp_pvar_func_histogramRecordSizeOffset 0000000140004748     dbRecStd:dbRecStd.dll
 0002:00000750       __imp_pvar_dset_devLsiSoft 0000000140004750     dbRecStd:dbRecStd.dll
 0002:00000758       __imp_pvar_func_lsiRecordSizeOffset 0000000140004758     dbRecStd:dbRecStd.dll
 0002:00000760       __imp_pvar_rset_stateRSET  0000000140004760     dbRecStd:dbRecStd.dll
 0002:00000768       __imp_pvar_func_arrInitialize 0000000140004768     dbRecStd:dbRecStd.dll
 0002:00000770       __imp_pvar_dset_devBoSoft  0000000140004770     dbRecStd:dbRecStd.dll
 0002:00000778       __imp_pvar_func_tsInitialize 0000000140004778     dbRecStd:dbRecStd.dll
 0002:00000780       __imp_pvar_rset_compressRSET 0000000140004780     dbRecStd:dbRecStd.dll
 0002:00000788       __imp_pvar_rset_stringinRSET 0000000140004788     dbRecStd:dbRecStd.dll
 0002:00000790       __imp_pvar_rset_longoutRSET 0000000140004790     dbRecStd:dbRecStd.dll
 0002:00000798       __imp_pvar_dset_devMbbiDirectSoftRaw 0000000140004798     dbRecStd:dbRecStd.dll
 0002:000007a0       __imp_pvar_rset_dfanoutRSET 00000001400047a0     dbRecStd:dbRecStd.dll
 0002:000007a8       __imp_pvar_dset_devBoSoftRaw 00000001400047a8     dbRecStd:dbRecStd.dll
 0002:000007b0       __imp_pvar_rset_aaoRSET    00000001400047b0     dbRecStd:dbRecStd.dll
 0002:000007b8       __imp_pvar_rset_mbboRSET   00000001400047b8     dbRecStd:dbRecStd.dll
 0002:000007c0       __imp_pvar_rset_printfRSET 00000001400047c0     dbRecStd:dbRecStd.dll
 0002:000007c8       __imp_pvar_dset_devSiSoftCallback 00000001400047c8     dbRecStd:dbRecStd.dll
 0002:000007d0       __imp_pvar_dset_devMbbiSoftRaw 00000001400047d0     dbRecStd:dbRecStd.dll
 0002:000007d8       __imp_pvar_func_stringinRecordSizeOffset 00000001400047d8     dbRecStd:dbRecStd.dll
 0002:000007e0       __imp_pvar_func_eventRecordSizeOffset 00000001400047e0     dbRecStd:dbRecStd.dll
 0002:000007e8       __imp_pvar_dset_devPrintfSoft 00000001400047e8     dbRecStd:dbRecStd.dll
 0002:000007f0       __imp_pvar_func_calcRecordSizeOffset 00000001400047f0     dbRecStd:dbRecStd.dll
 0002:000007f8       __imp_pvar_dset_devMbboSoftCallback 00000001400047f8     dbRecStd:dbRecStd.dll
 0002:00000800       __imp_pvar_func_permissiveRecordSizeOffset 0000000140004800     dbRecStd:dbRecStd.dll
 0002:00000808       __imp_pvar_func_subArrayRecordSizeOffset 0000000140004808     dbRecStd:dbRecStd.dll
 0002:00000810       __imp_pvar_dset_devMbboDirectSoft 0000000140004810     dbRecStd:dbRecStd.dll
 0002:00000818       __imp_pvar_rset_aaiRSET    0000000140004818     dbRecStd:dbRecStd.dll
 0002:00000820       __imp_pvar_func_mbboRecordSizeOffset 0000000140004820     dbRecStd:dbRecStd.dll
 0002:00000828       __imp_pvar_func_mbboDirectRecordSizeOffset 0000000140004828     dbRecStd:dbRecStd.dll
 0002:00000830       __imp_pvar_func_seqRecordSizeOffset 0000000140004830     dbRecStd:dbRecStd.dll
 0002:00000838       __imp_pvar_dset_devLsoSoftCallback 0000000140004838     dbRecStd:dbRecStd.dll
 0002:00000840       __imp_pvar_dset_devLoSoftCallback 0000000140004840     dbRecStd:dbRecStd.dll
 0002:00000848       __imp_pvar_rset_aoRSET     0000000140004848     dbRecStd:dbRecStd.dll
 0002:00000850       __imp_pvar_dset_devAaoSoft 0000000140004850     dbRecStd:dbRecStd.dll
 0002:00000858       __imp_pvar_func_boRecordSizeOffset 0000000140004858     dbRecStd:dbRecStd.dll
 0002:00000860       __imp_pvar_func_stateRecordSizeOffset 0000000140004860     dbRecStd:dbRecStd.dll
 0002:00000868       __imp_pvar_func_biRecordSizeOffset 0000000140004868     dbRecStd:dbRecStd.dll
 0002:00000870       __imp_pvar_dset_devSoSoft  0000000140004870     dbRecStd:dbRecStd.dll
 0002:00000878       __imp_pvar_dset_devLiSoftCallback 0000000140004878     dbRecStd:dbRecStd.dll
 0002:00000880       __imp_pvar_func_calcoutRecordSizeOffset 0000000140004880     dbRecStd:dbRecStd.dll
 0002:00000888       __imp_pvar_rset_calcoutRSET 0000000140004888     dbRecStd:dbRecStd.dll
 0002:00000890       \177dbRecStd_NULL_THUNK_DATA 0000000140004890     dbRecStd:dbRecStd.dll
 0002:00000898       __imp_pvar_func_register_func_scanMonInit 0000000140004898     devIocStats:devIocStats.dll
 0002:000008a0       __imp_pvar_dset_devStringinStats 00000001400048a0     devIocStats:devIocStats.dll
 0002:000008a8       __imp_pvar_dset_devStringinEnvVar 00000001400048a8     devIocStats:devIocStats.dll
 0002:000008b0       __imp_pvar_func_register_func_rebootProc 00000001400048b0     devIocStats:devIocStats.dll
 0002:000008b8       __imp_pvar_dset_devAiStats 00000001400048b8     devIocStats:devIocStats.dll
 0002:000008c0       __imp_pvar_dset_devStringinEpics 00000001400048c0     devIocStats:devIocStats.dll
 0002:000008c8       __imp_pvar_dset_devAoStats 00000001400048c8     devIocStats:devIocStats.dll
 0002:000008d0       __imp_pvar_dset_devAiClusts 00000001400048d0     devIocStats:devIocStats.dll
 0002:000008d8       __imp_pvar_func_register_func_scanMon 00000001400048d8     devIocStats:devIocStats.dll
 0002:000008e0       \177devIocStats_NULL_THUNK_DATA 00000001400048e0     devIocStats:devIocStats.dll
 0002:000008e8       __imp_pvar_func_icpconfigRegister 00000001400048e8     icpconfig:icpconfig.dll
 0002:000008f0       __imp_pvar_func_icpInitHooksRegister 00000001400048f0     icpconfig:icpconfig.dll
 0002:000008f8       \177icpconfig_NULL_THUNK_DATA 00000001400048f8     icpconfig:icpconfig.dll
 0002:00000900       __imp_pvar_func_pvdumpRegister 0000000140004900     pvdump:pvdump.dll
 0002:00000908       \177pvdump_NULL_THUNK_DATA 0000000140004908     pvdump:pvdump.dll
 0002:00000910       __imp_pvar_dset_devSiSeq   0000000140004910     seqDev:seqDev.dll
 0002:00000918       \177seqDev_NULL_THUNK_DATA 0000000140004918     seqDev:seqDev.dll
 0002:00000920       __imp_pvar_dset_devmbbiDirectStream 0000000140004920     stream:stream.dll
 0002:00000928       __imp_pvar_dset_devwaveformStream 0000000140004928     stream:stream.dll
 0002:00000930       __imp_pvar_dset_devlonginStream 0000000140004930     stream:stream.dll
 0002:00000938       __imp_pvar_dset_devbiStream 0000000140004938     stream:stream.dll
 0002:00000940       __imp_pvar_func_streamRegistrar 0000000140004940     stream:stream.dll
 0002:00000948       __imp_pvar_dset_devaoStream 0000000140004948     stream:stream.dll
 0002:00000950       __imp_pvar_dset_devaaiStream 0000000140004950     stream:stream.dll
 0002:00000958       __imp_pvar_dset_devboStream 0000000140004958     stream:stream.dll
 0002:00000960       __imp_pvar_dset_devaaoStream 0000000140004960     stream:stream.dll
 0002:00000968       __imp_pvar_dset_devlongoutStream 0000000140004968     stream:stream.dll
 0002:00000970       __imp_pvar_dset_devcalcoutStream 0000000140004970     stream:stream.dll
 0002:00000978       __imp_pvar_int_streamDebug 0000000140004978     stream:stream.dll
 0002:00000980       __imp_pvar_dset_devmbboDirectStream 0000000140004980     stream:stream.dll
 0002:00000988       __imp_pvar_dset_devstringoutStream 0000000140004988     stream:stream.dll
 0002:00000990       __imp_pvar_dset_devmbbiStream 0000000140004990     stream:stream.dll
 0002:00000998       __imp_pvar_dset_devstringinStream 0000000140004998     stream:stream.dll
 0002:000009a0       __imp_pvar_dset_devaiStream 00000001400049a0     stream:stream.dll
 0002:000009a8       __imp_pvar_dset_devmbboStream 00000001400049a8     stream:stream.dll
 0002:000009b0       __imp_pvar_drvet_stream    00000001400049b0     stream:stream.dll
 0002:000009b8       \177stream_NULL_THUNK_DATA 00000001400049b8     stream:stream.dll
 0002:000009c0       __imp_pvar_func_ioccalcRegister 00000001400049c0     utilities:utilities.dll
 0002:000009c8       __imp_pvar_func_iocstringtestRegister 00000001400049c8     utilities:utilities.dll
 0002:000009d0       __imp_pvar_func_iocdcalcRegister 00000001400049d0     utilities:utilities.dll
 0002:000009d8       __imp_pvar_func_dbLoadRecordsFuncsRegister 00000001400049d8     utilities:utilities.dll
 0002:000009e0       __imp_pvar_func_iocnameRegister 00000001400049e0     utilities:utilities.dll
 0002:000009e8       __imp_pvar_func_mkdirRegister 00000001400049e8     utilities:utilities.dll
 0002:000009f0       __imp_pvar_func_freeIPPortRegister 00000001400049f0     utilities:utilities.dll
 0002:000009f8       __imp_pvar_func_iocshCmdFuncsRegister 00000001400049f8     utilities:utilities.dll
 0002:00000a00       \177utilities_NULL_THUNK_DATA 0000000140004a00     utilities:utilities.dll
 0002:00000a08       __guard_check_icall_fptr   0000000140004a08     MSVCRT:guard_support.obj
 0002:00000a10       __guard_dispatch_icall_fptr 0000000140004a10     MSVCRT:guard_support.obj
 0002:00000a18       __xc_a                     0000000140004a18     MSVCRT:initializers.obj
 0002:00000a50       __xc_z                     0000000140004a50     MSVCRT:initializers.obj
 0002:00000a58       __xi_a                     0000000140004a58     MSVCRT:initializers.obj
 0002:00000a70       __xi_z                     0000000140004a70     MSVCRT:initializers.obj
 0002:00000a78       __xp_a                     0000000140004a78     MSVCRT:initializers.obj
 0002:00000a80       __xp_z                     0000000140004a80     MSVCRT:initializers.obj
 0002:00000a88       __xt_a                     0000000140004a88     MSVCRT:initializers.obj
 0002:00000a90       __xt_z                     0000000140004a90     MSVCRT:initializers.obj
 0002:00001df8       __real@3fc999999999999a    0000000140005df8     HFMAGPSU-IOC-02Main.obj
 0002:00001e60       _load_config_used          0000000140005e60     MSVCRT:loadcfg.obj
 0002:00002200       __rtc_iaa                  0000000140006200     MSVCRT:_initsect_.obj
 0002:00002208       __rtc_izz                  0000000140006208     MSVCRT:_initsect_.obj
 0002:00002210       __rtc_taa                  0000000140006210     MSVCRT:_initsect_.obj
 0002:00002218       __rtc_tzz                  0000000140006218     MSVCRT:_initsect_.obj
 0002:00002320       __IMPORT_DESCRIPTOR_seqDev 0000000140006320     seqDev:seqDev.dll
 0002:00002334       __IMPORT_DESCRIPTOR_devIocStats 0000000140006334     devIocStats:devIocStats.dll
 0002:00002348       __IMPORT_DESCRIPTOR_pvdump 0000000140006348     pvdump:pvdump.dll
 0002:0000235c       __IMPORT_DESCRIPTOR_caPutLog 000000014000635c     caPutLog:caPutLog.dll
 0002:00002370       __IMPORT_DESCRIPTOR_icpconfig 0000000140006370     icpconfig:icpconfig.dll
 0002:00002384       __IMPORT_DESCRIPTOR_autosave 0000000140006384     autosave:autosave.dll
 0002:00002398       __IMPORT_DESCRIPTOR_utilities 0000000140006398     utilities:utilities.dll
 0002:000023ac       __IMPORT_DESCRIPTOR_stream 00000001400063ac     stream:stream.dll
 0002:000023c0       __IMPORT_DESCRIPTOR_asyn   00000001400063c0     asyn:asyn.dll
 0002:000023d4       __IMPORT_DESCRIPTOR_dbRecStd 00000001400063d4     dbRecStd:dbRecStd.dll
 0002:000023e8       __IMPORT_DESCRIPTOR_dbCore 00000001400063e8     dbCore:dbCore.dll
 0002:000023fc       __IMPORT_DESCRIPTOR_Com    00000001400063fc     Com:Com.dll
 0002:00002410       __IMPORT_DESCRIPTOR_KERNEL32 0000000140006410     kernel32:KERNEL32.dll
 0002:00002424       __IMPORT_DESCRIPTOR_VCRUNTIME140 0000000140006424     vcruntime:VCRUNTIME140.dll
 0002:00002438       __IMPORT_DESCRIPTOR_api-ms-win-crt-stdio-l1-1-0 0000000140006438     ucrt:api-ms-win-crt-stdio-l1-1-0.dll
 0002:0000244c       __IMPORT_DESCRIPTOR_api-ms-win-crt-environment-l1-1-0 000000014000644c     ucrt:api-ms-win-crt-environment-l1-1-0.dll
 0002:00002460       __IMPORT_DESCRIPTOR_api-ms-win-crt-runtime-l1-1-0 0000000140006460     ucrt:api-ms-win-crt-runtime-l1-1-0.dll
 0002:00002474       __IMPORT_DESCRIPTOR_api-ms-win-crt-math-l1-1-0 0000000140006474     ucrt:api-ms-win-crt-math-l1-1-0.dll
 0002:00002488       __IMPORT_DESCRIPTOR_api-ms-win-crt-locale-l1-1-0 0000000140006488     ucrt:api-ms-win-crt-locale-l1-1-0.dll
 0002:0000249c       __IMPORT_DESCRIPTOR_api-ms-win-crt-heap-l1-1-0 000000014000649c     ucrt:api-ms-win-crt-heap-l1-1-0.dll
 0002:000024b0       __IMPORT_DESCRIPTOR_api-ms-win-crt-string-l1-1-0 00000001400064b0     ucrt:api-ms-win-crt-string-l1-1-0.dll
 0002:000024c4       __NULL_IMPORT_DESCRIPTOR   00000001400064c4     seqDev:seqDev.dll
 0003:00000000       __security_cookie_complement 000000014000a000     MSVCRT:gs_cookie.obj
 0003:00000008       __security_cookie          000000014000a008     MSVCRT:gs_cookie.obj
 0003:00000010       __scrt_native_dllmain_reason 000000014000a010     MSVCRT:utility.obj
 0003:00000014       __scrt_default_matherr     000000014000a014     MSVCRT:matherr.obj
 0003:00000018       __memcpy_nt_iters          000000014000a018     MSVCRT:_cpu_disp_.obj
 0003:00000020       __isa_available            000000014000a020     MSVCRT:_cpu_disp_.obj
 0003:00000024       __isa_enabled              000000014000a024     MSVCRT:_cpu_disp_.obj
 0003:00000030       __scrt_ucrt_dll_is_in_use  000000014000a030     MSVCRT:ucrt_stubs.obj
 0003:000002b8       _fltused                   000000014000a2b8     MSVCRT:fltused.obj
 0003:00000830       __scrt_current_native_startup_state 000000014000a830     MSVCRT:utility.obj
 0003:00000838       __scrt_native_startup_lock 000000014000a838     MSVCRT:utility.obj
 0003:00000880       ?__type_info_root_node@@3U__type_info_node@@A 000000014000a880     MSVCRT:tncleanup.obj
 0003:00000890       ?_OptionsStorage@?1??__local_stdio_scanf_options@@9@4_KA 000000014000a890     MSVCRT:default_local_stdio_options.obj
 0003:00000898       __scrt_debugger_hook_flag  000000014000a898     MSVCRT:utility_desktop.obj
 0003:0000089c       __favor                    000000014000a89c     MSVCRT:_cpu_disp_.obj
 0003:000008a8       ?_OptionsStorage@?1??__local_stdio_printf_options@@9@4_KA 000000014000a8a8     HFMAGPSU-IOC-02_registerRecordDeviceDriver.obj
 0003:00000eb8       __dyn_tls_dtor_callback    000000014000aeb8     <common>
 0003:00000ec0       __dyn_tls_init_callback    000000014000aec0     <common>

 entry point at        0001:00001394

 Static symbols

 0000:ffff3000       .debug$S                   0000000140000000     asyn:asyn.dll
 0000:ffff3000       .debug$S                   0000000140000000     ucrt:api-ms-win-crt-environment-l1-1-0.dll
 0000:ffff3000       .debug$S                   0000000140000000     ucrt:api-ms-win-crt-heap-l1-1-0.dll
 0000:ffff3000       .debug$S                   0000000140000000     ucrt:api-ms-win-crt-locale-l1-1-0.dll
 0000:ffff3000       .debug$S                   0000000140000000     ucrt:api-ms-win-crt-math-l1-1-0.dll
 0000:ffff3000       .debug$S                   0000000140000000     ucrt:api-ms-win-crt-runtime-l1-1-0.dll
 0000:ffff3000       .debug$S                   0000000140000000     ucrt:api-ms-win-crt-runtime-l1-1-0.dll
 0000:ffff3000       .debug$S                   0000000140000000     ucrt:api-ms-win-crt-runtime-l1-1-0.dll
 0000:ffff3000       .debug$S                   0000000140000000     ucrt:api-ms-win-crt-runtime-l1-1-0.dll
 0000:ffff3000       .debug$S                   0000000140000000     ucrt:api-ms-win-crt-runtime-l1-1-0.dll
 0000:ffff3000       .debug$S                   0000000140000000     ucrt:api-ms-win-crt-runtime-l1-1-0.dll
 0000:ffff3000       .debug$S                   0000000140000000     ucrt:api-ms-win-crt-runtime-l1-1-0.dll
 0000:ffff3000       .debug$S                   0000000140000000     ucrt:api-ms-win-crt-runtime-l1-1-0.dll
 0000:ffff3000       .debug$S                   0000000140000000     ucrt:api-ms-win-crt-runtime-l1-1-0.dll
 0000:ffff3000       .debug$S                   0000000140000000     ucrt:api-ms-win-crt-runtime-l1-1-0.dll
 0000:ffff3000       .debug$S                   0000000140000000     ucrt:api-ms-win-crt-runtime-l1-1-0.dll
 0000:ffff3000       .debug$S                   0000000140000000     ucrt:api-ms-win-crt-runtime-l1-1-0.dll
 0000:ffff3000       .debug$S                   0000000140000000     ucrt:api-ms-win-crt-runtime-l1-1-0.dll
 0000:ffff3000       .debug$S                   0000000140000000     ucrt:api-ms-win-crt-runtime-l1-1-0.dll
 0000:ffff3000       .debug$S                   0000000140000000     ucrt:api-ms-win-crt-runtime-l1-1-0.dll
 0000:ffff3000       .debug$S                   0000000140000000     ucrt:api-ms-win-crt-runtime-l1-1-0.dll
 0000:ffff3000       .debug$S                   0000000140000000     ucrt:api-ms-win-crt-runtime-l1-1-0.dll
 0000:ffff3000       .debug$S                   0000000140000000     ucrt:api-ms-win-crt-runtime-l1-1-0.dll
 0000:ffff3000       .debug$S                   0000000140000000     ucrt:api-ms-win-crt-runtime-l1-1-0.dll
 0000:ffff3000       .debug$S                   0000000140000000     ucrt:api-ms-win-crt-runtime-l1-1-0.dll
 0000:ffff3000       .debug$S                   0000000140000000     ucrt:api-ms-win-crt-runtime-l1-1-0.dll
 0000:ffff3000       .debug$S                   0000000140000000     ucrt:api-ms-win-crt-stdio-l1-1-0.dll
 0000:ffff3000       .debug$S                   0000000140000000     ucrt:api-ms-win-crt-stdio-l1-1-0.dll
 0000:ffff3000       .debug$S                   0000000140000000     ucrt:api-ms-win-crt-stdio-l1-1-0.dll
 0000:ffff3000       .debug$S                   0000000140000000     ucrt:api-ms-win-crt-stdio-l1-1-0.dll
 0000:ffff3000       .debug$S                   0000000140000000     ucrt:api-ms-win-crt-string-l1-1-0.dll
 0000:ffff3000       .debug$S                   0000000140000000     vcruntime:VCRUNTIME140.dll
 0000:ffff3000       .debug$S                   0000000140000000     vcruntime:VCRUNTIME140.dll
 0000:ffff3000       .debug$S                   0000000140000000     vcruntime:VCRUNTIME140.dll
 0000:ffff3000       .debug$S                   0000000140000000     kernel32:KERNEL32.dll
 0000:ffff3000       .debug$S                   0000000140000000     kernel32:KERNEL32.dll
 0000:ffff3000       .debug$S                   0000000140000000     kernel32:KERNEL32.dll
 0000:ffff3000       .debug$S                   0000000140000000     kernel32:KERNEL32.dll
 0000:ffff3000       .debug$S                   0000000140000000     kernel32:KERNEL32.dll
 0000:ffff3000       .debug$S                   0000000140000000     kernel32:KERNEL32.dll
 0000:ffff3000       .debug$S                   0000000140000000     kernel32:KERNEL32.dll
 0000:ffff3000       .debug$S                   0000000140000000     kernel32:KERNEL32.dll
 0000:ffff3000       .debug$S                   0000000140000000     kernel32:KERNEL32.dll
 0000:ffff3000       .debug$S                   0000000140000000     kernel32:KERNEL32.dll
 0000:ffff3000       .debug$S                   0000000140000000     kernel32:KERNEL32.dll
 0000:ffff3000       .debug$S                   0000000140000000     kernel32:KERNEL32.dll
 0000:ffff3000       .debug$S                   0000000140000000     kernel32:KERNEL32.dll
 0000:ffff3000       .debug$S                   0000000140000000     kernel32:KERNEL32.dll
 0000:ffff3000       .debug$S                   0000000140000000     kernel32:KERNEL32.dll
 0000:ffff3000       .debug$S                   0000000140000000     kernel32:KERNEL32.dll
 0000:ffff3000       .debug$S                   0000000140000000     asyn:asyn.dll
 0000:ffff3000       .debug$S                   0000000140000000     asyn:asyn.dll
 0000:ffff3000       .debug$S                   0000000140000000     asyn:asyn.dll
 0000:ffff3000       .debug$S                   0000000140000000     asyn:asyn.dll
 0000:ffff3000       .debug$S                   0000000140000000     asyn:asyn.dll
 0000:ffff3000       .debug$S                   0000000140000000     asyn:asyn.dll
 0000:ffff3000       .debug$S                   0000000140000000     asyn:asyn.dll
 0000:ffff3000       .debug$S                   0000000140000000     asyn:asyn.dll
 0000:ffff3000       .debug$S                   0000000140000000     asyn:asyn.dll
 0000:ffff3000       .debug$S                   0000000140000000     asyn:asyn.dll
 0000:ffff3000       .debug$S                   0000000140000000     asyn:asyn.dll
 0000:ffff3000       .debug$S                   0000000140000000     asyn:asyn.dll
 0000:ffff3000       .debug$S                   0000000140000000     asyn:asyn.dll
 0000:ffff3000       .debug$S                   0000000140000000     Com:Com.dll
 0000:ffff3000       .debug$S                   0000000140000000     Com:Com.dll
 0000:ffff3000       .debug$S                   0000000140000000     Com:Com.dll
 0000:ffff3000       .debug$S                   0000000140000000     Com:Com.dll
 0000:ffff3000       .debug$S                   0000000140000000     Com:Com.dll
 0000:ffff3000       .debug$S                   0000000140000000     Com:Com.dll
 0000:ffff3000       .debug$S                   0000000140000000     Com:Com.dll
 0000:ffff3000       .debug$S                   0000000140000000     dbCore:dbCore.dll
 0000:ffff3000       .debug$S                   0000000140000000     dbCore:dbCore.dll
 0000:ffff3000       .debug$S                   0000000140000000     dbCore:dbCore.dll
 0000:ffff3000       .debug$S                   0000000140000000     dbCore:dbCore.dll
 0000:ffff3000       .debug$S                   0000000140000000     dbCore:dbCore.dll
 0000:ffff3000       .debug$S                   0000000140000000     dbCore:dbCore.dll
 0000:ffff3000       .debug$S                   0000000140000000     dbCore:dbCore.dll
 0000:ffff3000       .debug$S                   0000000140000000     dbCore:dbCore.dll
 0000:ffff3000       .debug$S                   0000000140000000     dbCore:dbCore.dll
 0000:ffff3000       .debug$S                   0000000140000000     dbCore:dbCore.dll
 0000:ffff3000       .debug$S                   0000000140000000     dbCore:dbCore.dll
 0000:ffff3000       .debug$S                   0000000140000000     dbCore:dbCore.dll
 0000:ffff3000       .debug$S                   0000000140000000     dbRecStd:dbRecStd.dll
 0000:ffff3000       .debug$S                   0000000140000000     dbRecStd:dbRecStd.dll
 0000:ffff3000       .debug$S                   0000000140000000     dbRecStd:dbRecStd.dll
 0000:ffff3000       .debug$S                   0000000140000000     dbRecStd:dbRecStd.dll
 0000:ffff3000       .debug$S                   0000000140000000     dbRecStd:dbRecStd.dll
 0000:ffff3000       .debug$S                   0000000140000000     dbRecStd:dbRecStd.dll
 0000:ffff3000       .debug$S                   0000000140000000     dbRecStd:dbRecStd.dll
 0000:ffff3000       .debug$S                   0000000140000000     dbRecStd:dbRecStd.dll
 0000:ffff3000       .debug$S                   0000000140000000     dbRecStd:dbRecStd.dll
 0000:ffff3000       .debug$S                   0000000140000000     dbRecStd:dbRecStd.dll
 0000:ffff3000       .debug$S                   0000000140000000     dbRecStd:dbRecStd.dll
 0000:ffff3000       .debug$S                   0000000140000000     dbRecStd:dbRecStd.dll
 0000:ffff3000       .debug$S                   0000000140000000     dbRecStd:dbRecStd.dll
 0000:ffff3000       .debug$S                   0000000140000000     dbRecStd:dbRecStd.dll
 0000:ffff3000       .debug$S                   0000000140000000     dbRecStd:dbRecStd.dll
 0000:ffff3000       .debug$S                   0000000140000000     dbRecStd:dbRecStd.dll
 0000:ffff3000       .debug$S                   0000000140000000     dbRecStd:dbRecStd.dll
 0000:ffff3000       .debug$S                   0000000140000000     dbRecStd:dbRecStd.dll
 0000:ffff3000       .debug$S                   0000000140000000     dbRecStd:dbRecStd.dll
 0000:ffff3000       .debug$S                   0000000140000000     dbRecStd:dbRecStd.dll
 0000:ffff3000       .debug$S                   0000000140000000     dbRecStd:dbRecStd.dll
 0000:ffff3000       .debug$S                   0000000140000000     dbRecStd:dbRecStd.dll
 0000:ffff3000       .debug$S                   0000000140000000     dbRecStd:dbRecStd.dll
 0000:ffff3000       .debug$S                   0000000140000000     dbRecStd:dbRecStd.dll
 0000:ffff3000       .debug$S                   0000000140000000     dbRecStd:dbRecStd.dll
 0000:ffff3000       .debug$S                   0000000140000000     dbRecStd:dbRecStd.dll
 0000:ffff3000       .debug$S                   0000000140000000     dbRecStd:dbRecStd.dll
 0000:ffff3000       .debug$S                   0000000140000000     dbRecStd:dbRecStd.dll
 0000:ffff3000       .debug$S                   0000000140000000     dbRecStd:dbRecStd.dll
 0000:ffff3000       .debug$S                   0000000140000000     dbRecStd:dbRecStd.dll
 0000:ffff3000       .debug$S                   0000000140000000     dbRecStd:dbRecStd.dll
 0000:ffff3000       .debug$S                   0000000140000000     dbRecStd:dbRecStd.dll
 0000:ffff3000       .debug$S                   0000000140000000     dbRecStd:dbRecStd.dll
 0000:ffff3000       .debug$S                   0000000140000000     dbRecStd:dbRecStd.dll
 0000:ffff3000       .debug$S                   0000000140000000     dbRecStd:dbRecStd.dll
 0000:ffff3000       .debug$S                   0000000140000000     dbRecStd:dbRecStd.dll
 0000:ffff3000       .debug$S                   0000000140000000     dbRecStd:dbRecStd.dll
 0000:ffff3000       .debug$S                   0000000140000000     dbRecStd:dbRecStd.dll
 0000:ffff3000       .debug$S                   0000000140000000     dbRecStd:dbRecStd.dll
 0000:ffff3000       .debug$S                   0000000140000000     dbRecStd:dbRecStd.dll
 0000:ffff3000       .debug$S                   0000000140000000     dbRecStd:dbRecStd.dll
 0000:ffff3000       .debug$S                   0000000140000000     dbRecStd:dbRecStd.dll
 0000:ffff3000       .debug$S                   0000000140000000     dbRecStd:dbRecStd.dll
 0000:ffff3000       .debug$S                   0000000140000000     dbRecStd:dbRecStd.dll
 0000:ffff3000       .debug$S                   0000000140000000     dbRecStd:dbRecStd.dll
 0000:ffff3000       .debug$S                   0000000140000000     dbRecStd:dbRecStd.dll
 0000:ffff3000       .debug$S                   0000000140000000     dbRecStd:dbRecStd.dll
 0000:ffff3000       .debug$S                   0000000140000000     dbRecStd:dbRecStd.dll
 0000:ffff3000       .debug$S                   0000000140000000     dbRecStd:dbRecStd.dll
 0000:ffff3000       .debug$S                   0000000140000000     dbRecStd:dbRecStd.dll
 0000:ffff3000       .debug$S                   0000000140000000     dbRecStd:dbRecStd.dll
 0000:ffff3000       .debug$S                   0000000140000000     dbRecStd:dbRecStd.dll
 0000:ffff3000       .debug$S                   0000000140000000     dbRecStd:dbRecStd.dll
 0000:ffff3000       .debug$S                   0000000140000000     dbRecStd:dbRecStd.dll
 0000:ffff3000       .debug$S                   0000000140000000     dbRecStd:dbRecStd.dll
 0000:ffff3000       .debug$S                   0000000140000000     dbRecStd:dbRecStd.dll
 0000:ffff3000       .debug$S                   0000000140000000     dbRecStd:dbRecStd.dll
 0000:ffff3000       .debug$S                   0000000140000000     dbRecStd:dbRecStd.dll
 0000:ffff3000       .debug$S                   0000000140000000     dbRecStd:dbRecStd.dll
 0000:ffff3000       .debug$S                   0000000140000000     dbRecStd:dbRecStd.dll
 0000:ffff3000       .debug$S                   0000000140000000     dbRecStd:dbRecStd.dll
 0000:ffff3000       .debug$S                   0000000140000000     dbRecStd:dbRecStd.dll
 0000:ffff3000       .debug$S                   0000000140000000     dbRecStd:dbRecStd.dll
 0000:ffff3000       .debug$S                   0000000140000000     dbRecStd:dbRecStd.dll
 0000:ffff3000       .debug$S                   0000000140000000     dbRecStd:dbRecStd.dll
 0000:ffff3000       .debug$S                   0000000140000000     dbRecStd:dbRecStd.dll
 0000:ffff3000       .debug$S                   0000000140000000     dbRecStd:dbRecStd.dll
 0000:ffff3000       .debug$S                   0000000140000000     dbRecStd:dbRecStd.dll
 0000:ffff3000       .debug$S                   0000000140000000     dbRecStd:dbRecStd.dll
 0000:ffff3000       .debug$S                   0000000140000000     dbRecStd:dbRecStd.dll
 0000:ffff3000       .debug$S                   0000000140000000     dbRecStd:dbRecStd.dll
 0000:ffff3000       .debug$S                   0000000140000000     dbRecStd:dbRecStd.dll
 0000:ffff3000       .debug$S                   0000000140000000     dbRecStd:dbRecStd.dll
 0000:ffff3000       .debug$S                   0000000140000000     dbRecStd:dbRecStd.dll
 0000:ffff3000       .debug$S                   0000000140000000     dbRecStd:dbRecStd.dll
 0000:ffff3000       .debug$S                   0000000140000000     dbRecStd:dbRecStd.dll
 0000:ffff3000       .debug$S                   0000000140000000     dbRecStd:dbRecStd.dll
 0000:ffff3000       .debug$S                   0000000140000000     dbRecStd:dbRecStd.dll
 0000:ffff3000       .debug$S                   0000000140000000     dbRecStd:dbRecStd.dll
 0000:ffff3000       .debug$S                   0000000140000000     dbRecStd:dbRecStd.dll
 0000:ffff3000       .debug$S                   0000000140000000     dbRecStd:dbRecStd.dll
 0000:ffff3000       .debug$S                   0000000140000000     dbRecStd:dbRecStd.dll
 0000:ffff3000       .debug$S                   0000000140000000     dbRecStd:dbRecStd.dll
 0000:ffff3000       .debug$S                   0000000140000000     dbRecStd:dbRecStd.dll
 0000:ffff3000       .debug$S                   0000000140000000     dbRecStd:dbRecStd.dll
 0000:ffff3000       .debug$S                   0000000140000000     dbRecStd:dbRecStd.dll
 0000:ffff3000       .debug$S                   0000000140000000     dbRecStd:dbRecStd.dll
 0000:ffff3000       .debug$S                   0000000140000000     dbRecStd:dbRecStd.dll
 0000:ffff3000       .debug$S                   0000000140000000     dbRecStd:dbRecStd.dll
 0000:ffff3000       .debug$S                   0000000140000000     dbRecStd:dbRecStd.dll
 0000:ffff3000       .debug$S                   0000000140000000     dbRecStd:dbRecStd.dll
 0000:ffff3000       .debug$S                   0000000140000000     dbRecStd:dbRecStd.dll
 0000:ffff3000       .debug$S                   0000000140000000     dbRecStd:dbRecStd.dll
 0000:ffff3000       .debug$S                   0000000140000000     dbRecStd:dbRecStd.dll
 0000:ffff3000       .debug$S                   0000000140000000     dbRecStd:dbRecStd.dll
 0000:ffff3000       .debug$S                   0000000140000000     dbRecStd:dbRecStd.dll
 0000:ffff3000       .debug$S                   0000000140000000     dbRecStd:dbRecStd.dll
 0000:ffff3000       .debug$S                   0000000140000000     dbRecStd:dbRecStd.dll
 0000:ffff3000       .debug$S                   0000000140000000     dbRecStd:dbRecStd.dll
 0000:ffff3000       .debug$S                   0000000140000000     dbRecStd:dbRecStd.dll
 0000:ffff3000       .debug$S                   0000000140000000     dbRecStd:dbRecStd.dll
 0000:ffff3000       .debug$S                   0000000140000000     dbRecStd:dbRecStd.dll
 0000:ffff3000       .debug$S                   0000000140000000     dbRecStd:dbRecStd.dll
 0000:ffff3000       .debug$S                   0000000140000000     dbRecStd:dbRecStd.dll
 0000:ffff3000       .debug$S                   0000000140000000     dbRecStd:dbRecStd.dll
 0000:ffff3000       .debug$S                   0000000140000000     dbRecStd:dbRecStd.dll
 0000:ffff3000       .debug$S                   0000000140000000     dbRecStd:dbRecStd.dll
 0000:ffff3000       .debug$S                   0000000140000000     dbRecStd:dbRecStd.dll
 0000:ffff3000       .debug$S                   0000000140000000     dbRecStd:dbRecStd.dll
 0000:ffff3000       .debug$S                   0000000140000000     dbRecStd:dbRecStd.dll
 0000:ffff3000       .debug$S                   0000000140000000     dbRecStd:dbRecStd.dll
 0000:ffff3000       .debug$S                   0000000140000000     dbRecStd:dbRecStd.dll
 0000:ffff3000       .debug$S                   0000000140000000     dbRecStd:dbRecStd.dll
 0000:ffff3000       .debug$S                   0000000140000000     dbRecStd:dbRecStd.dll
 0000:ffff3000       .debug$S                   0000000140000000     asyn:asyn.dll
 0000:ffff3000       .debug$S                   0000000140000000     asyn:asyn.dll
 0000:ffff3000       .debug$S                   0000000140000000     asyn:asyn.dll
 0000:ffff3000       .debug$S                   0000000140000000     asyn:asyn.dll
 0000:ffff3000       .debug$S                   0000000140000000     asyn:asyn.dll
 0000:ffff3000       .debug$S                   0000000140000000     asyn:asyn.dll
 0000:ffff3000       .debug$S                   0000000140000000     asyn:asyn.dll
 0000:ffff3000       .debug$S                   0000000140000000     dbRecStd:dbRecStd.dll
 0000:ffff3000       .debug$S                   0000000140000000     dbRecStd:dbRecStd.dll
 0000:ffff3000       .debug$S                   0000000140000000     dbRecStd:dbRecStd.dll
 0000:ffff3000       .debug$S                   0000000140000000     dbRecStd:dbRecStd.dll
 0000:ffff3000       .debug$S                   0000000140000000     dbRecStd:dbRecStd.dll
 0000:ffff3000       .debug$S                   0000000140000000     dbRecStd:dbRecStd.dll
 0000:ffff3000       .debug$S                   0000000140000000     dbRecStd:dbRecStd.dll
 0000:ffff3000       .debug$S                   0000000140000000     dbRecStd:dbRecStd.dll
 0000:ffff3000       .debug$S                   0000000140000000     dbRecStd:dbRecStd.dll
 0000:ffff3000       .debug$S                   0000000140000000     dbRecStd:dbRecStd.dll
 0000:ffff3000       .debug$S                   0000000140000000     dbRecStd:dbRecStd.dll
 0000:ffff3000       .debug$S                   0000000140000000     dbRecStd:dbRecStd.dll
 0000:ffff3000       .debug$S                   0000000140000000     dbRecStd:dbRecStd.dll
 0000:ffff3000       .debug$S                   0000000140000000     asyn:asyn.dll
 0000:ffff3000       .debug$S                   0000000140000000     dbRecStd:dbRecStd.dll
 0000:ffff3000       .debug$S                   0000000140000000     dbRecStd:dbRecStd.dll
 0000:ffff3000       .debug$S                   0000000140000000     asyn:asyn.dll
 0000:ffff3000       .debug$S                   0000000140000000     asyn:asyn.dll
 0000:ffff3000       .debug$S                   0000000140000000     asyn:asyn.dll
 0000:ffff3000       .debug$S                   0000000140000000     asyn:asyn.dll
 0000:ffff3000       .debug$S                   0000000140000000     seqDev:seqDev.dll
 0000:ffff3000       .debug$S                   0000000140000000     dbRecStd:dbRecStd.dll
 0000:ffff3000       .debug$S                   0000000140000000     devIocStats:devIocStats.dll
 0000:ffff3000       .debug$S                   0000000140000000     devIocStats:devIocStats.dll
 0000:ffff3000       .debug$S                   0000000140000000     devIocStats:devIocStats.dll
 0000:ffff3000       .debug$S                   0000000140000000     devIocStats:devIocStats.dll
 0000:ffff3000       .debug$S                   0000000140000000     devIocStats:devIocStats.dll
 0000:ffff3000       .debug$S                   0000000140000000     devIocStats:devIocStats.dll
 0000:ffff3000       .debug$S                   0000000140000000     devIocStats:devIocStats.dll
 0000:ffff3000       .debug$S                   0000000140000000     devIocStats:devIocStats.dll
 0000:ffff3000       .debug$S                   0000000140000000     devIocStats:devIocStats.dll
 0000:ffff3000       .debug$S                   0000000140000000     dbRecStd:dbRecStd.dll
 0000:ffff3000       .debug$S                   0000000140000000     pvdump:pvdump.dll
 0000:ffff3000       .debug$S                   0000000140000000     dbRecStd:dbRecStd.dll
 0000:ffff3000       .debug$S                   0000000140000000     caPutLog:caPutLog.dll
 0000:ffff3000       .debug$S                   0000000140000000     dbRecStd:dbRecStd.dll
 0000:ffff3000       .debug$S                   0000000140000000     icpconfig:icpconfig.dll
 0000:ffff3000       .debug$S                   0000000140000000     icpconfig:icpconfig.dll
 0000:ffff3000       .debug$S                   0000000140000000     dbRecStd:dbRecStd.dll
 0000:ffff3000       .debug$S                   0000000140000000     autosave:autosave.dll
 0000:ffff3000       .debug$S                   0000000140000000     autosave:autosave.dll
 0000:ffff3000       .debug$S                   0000000140000000     autosave:autosave.dll
 0000:ffff3000       .debug$S                   0000000140000000     autosave:autosave.dll
 0000:ffff3000       .debug$S                   0000000140000000     autosave:autosave.dll
 0000:ffff3000       .debug$S                   0000000140000000     autosave:autosave.dll
 0000:ffff3000       .debug$S                   0000000140000000     autosave:autosave.dll
 0000:ffff3000       .debug$S                   0000000140000000     autosave:autosave.dll
 0000:ffff3000       .debug$S                   0000000140000000     autosave:autosave.dll
 0000:ffff3000       .debug$S                   0000000140000000     autosave:autosave.dll
 0000:ffff3000       .debug$S                   0000000140000000     autosave:autosave.dll
 0000:ffff3000       .debug$S                   0000000140000000     asyn:asyn.dll
 0000:ffff3000       .debug$S                   0000000140000000     utilities:utilities.dll
 0000:ffff3000       .debug$S                   0000000140000000     utilities:utilities.dll
 0000:ffff3000       .debug$S                   0000000140000000     utilities:utilities.dll
 0000:ffff3000       .debug$S                   0000000140000000     utilities:utilities.dll
 0000:ffff3000       .debug$S                   0000000140000000     utilities:utilities.dll
 0000:ffff3000       .debug$S                   0000000140000000     utilities:utilities.dll
 0000:ffff3000       .debug$S                   0000000140000000     utilities:utilities.dll
 0000:ffff3000       .debug$S                   0000000140000000     utilities:utilities.dll
 0000:ffff3000       .debug$S                   0000000140000000     asyn:asyn.dll
 0000:ffff3000       .debug$S                   0000000140000000     stream:stream.dll
 0000:ffff3000       .debug$S                   0000000140000000     stream:stream.dll
 0000:ffff3000       .debug$S                   0000000140000000     stream:stream.dll
 0000:ffff3000       .debug$S                   0000000140000000     stream:stream.dll
 0000:ffff3000       .debug$S                   0000000140000000     stream:stream.dll
 0000:ffff3000       .debug$S                   0000000140000000     stream:stream.dll
 0000:ffff3000       .debug$S                   0000000140000000     stream:stream.dll
 0000:ffff3000       .debug$S                   0000000140000000     stream:stream.dll
 0000:ffff3000       .debug$S                   0000000140000000     stream:stream.dll
 0000:ffff3000       .debug$S                   0000000140000000     stream:stream.dll
 0000:ffff3000       .debug$S                   0000000140000000     stream:stream.dll
 0000:ffff3000       .debug$S                   0000000140000000     stream:stream.dll
 0000:ffff3000       .debug$S                   0000000140000000     stream:stream.dll
 0000:ffff3000       .debug$S                   0000000140000000     stream:stream.dll
 0000:ffff3000       .debug$S                   0000000140000000     stream:stream.dll
 0000:ffff3000       .debug$S                   0000000140000000     stream:stream.dll
 0000:ffff3000       .debug$S                   0000000140000000     stream:stream.dll
 0000:ffff3000       .debug$S                   0000000140000000     stream:stream.dll
 0000:ffff3000       .debug$S                   0000000140000000     stream:stream.dll
 0000:ffff3000       .debug$S                   0000000140000000     asyn:asyn.dll
 0000:ffff3000       .debug$S                   0000000140000000     asyn:asyn.dll
 0000:ffff3000       .debug$S                   0000000140000000     asyn:asyn.dll
 0000:ffff3000       .debug$S                   0000000140000000     asyn:asyn.dll
 0000:ffff3000       .debug$S                   0000000140000000     asyn:asyn.dll
 0000:ffff3000       .debug$S                   0000000140000000     asyn:asyn.dll
 0000:ffff3000       .debug$S                   0000000140000000     asyn:asyn.dll
 0000:ffff3000       .debug$S                   0000000140000000     asyn:asyn.dll
 0000:ffff3000       .debug$S                   0000000140000000     asyn:asyn.dll
 0000:ffff3000       .debug$S                   0000000140000000     asyn:asyn.dll
 0000:ffff3000       .debug$S                   0000000140000000     asyn:asyn.dll
 0000:ffff3000       .debug$S                   0000000140000000     asyn:asyn.dll
 0000:ffff3000       .debug$S                   0000000140000000     asyn:asyn.dll
 0000:ffff3000       .debug$S                   0000000140000000     asyn:asyn.dll
 0000:ffff3000       .debug$S                   0000000140000000     asyn:asyn.dll
 0000:ffff3000       .debug$S                   0000000140000000     asyn:asyn.dll
 0000:ffff3000       .debug$S                   0000000140000000     asyn:asyn.dll
 0000:ffff3000       .debug$S                   0000000140000000     asyn:asyn.dll
 0000:ffff3000       .debug$S                   0000000140000000     asyn:asyn.dll
 0000:ffff3000       .debug$S                   0000000140000000     asyn:asyn.dll
 0000:ffff3000       .debug$S                   0000000140000000     asyn:asyn.dll
 0000:ffff3000       .debug$S                   0000000140000000     asyn:asyn.dll
 0000:ffff3000       .debug$S                   0000000140000000     asyn:asyn.dll
 0001:00000000       ??__Ertl@@YAXXZ            0000000140001000 f   HFMAGPSU-IOC-02_registerRecordDeviceDriver.obj
 0001:00000470       ??__Edevsl@@YAXXZ          0000000140001470 f   HFMAGPSU-IOC-02_registerRecordDeviceDriver.obj
 0001:00000ca0       ??__Edrvsl@@YAXXZ          0000000140001ca0 f   HFMAGPSU-IOC-02_registerRecordDeviceDriver.obj
 0001:00000cd0       ??__Evardefs@@YAXXZ        0000000140001cd0 f   HFMAGPSU-IOC-02_registerRecordDeviceDriver.obj
 0001:00001060       ??__Edone@@YAXXZ           0000000140002060 f   HFMAGPSU-IOC-02_registerRecordDeviceDriver.obj
 0001:00001100       $$000000                   0000000140002100     MSVCRT:_amdsecgs_.obj
 0001:00001134       ?pre_c_initialization@@YAHXZ 0000000140002134 f   MSVCRT:exe_main.obj
 0001:000011f0       ?post_pgo_initialization@@YAHXZ 00000001400021f0 f   MSVCRT:exe_main.obj
 0001:00001200       ?pre_cpp_initialization@@YAXXZ 0000000140002200 f   MSVCRT:exe_main.obj
 0001:0000121c       ?__scrt_common_main_seh@@YAHXZ 000000014000221c f   MSVCRT:exe_main.obj
 0001:000014b0       capture_previous_context   00000001400024b0 f   MSVCRT:gs_report.obj
 0001:00001de0       ?Registration@@YAHXZ       0000000140002de0 f   HFMAGPSU-IOC-02_registerRecordDeviceDriver.obj
 0001:00001e10       rrddCallFunc               0000000140002e10 f   HFMAGPSU-IOC-02_registerRecordDeviceDriver.obj
 0001:00002080       $$000000                   0000000140003080     MSVCRT:_guard_dispatch_.obj
 0001:00002092       ?filt$0@?0??__scrt_common_main_seh@@YAHXZ@4HA 0000000140003092 f   MSVCRT:exe_main.obj
 0001:000020b0       __scrt_is_nonwritable_in_current_image$filt$0 00000001400030b0 f   MSVCRT:utility.obj
 0002:00000a20       ?pre_cpp_initializer@@3P6AXXZEA 0000000140004a20     MSVCRT:exe_main.obj
 0002:00000a28       ?rtl$initializer$@@3P6AXXZEA 0000000140004a28     HFMAGPSU-IOC-02_registerRecordDeviceDriver.obj
 0002:00000a30       ?devsl$initializer$@@3P6AXXZEA 0000000140004a30     HFMAGPSU-IOC-02_registerRecordDeviceDriver.obj
 0002:00000a38       ?drvsl$initializer$@@3P6AXXZEA 0000000140004a38     HFMAGPSU-IOC-02_registerRecordDeviceDriver.obj
 0002:00000a40       ?vardefs$initializer$@@3P6AXXZEA 0000000140004a40     HFMAGPSU-IOC-02_registerRecordDeviceDriver.obj
 0002:00000a48       ?done$initializer$@@3P6AXXZEA 0000000140004a48     HFMAGPSU-IOC-02_registerRecordDeviceDriver.obj
 0002:00000a60       ?pre_c_initializer@@3P6AHXZEA 0000000140004a60     MSVCRT:exe_main.obj
 0002:00000a68       ?post_pgo_initializer@@3P6AHXZEA 0000000140004a68     MSVCRT:exe_main.obj
 0002:00000aa0       GS_ExceptionPointers       0000000140004aa0     MSVCRT:gs_report.obj
 0002:00000ab0       $SG4294967289              0000000140004ab0     HFMAGPSU-IOC-02_registerRecordDeviceDriver.obj
 0002:00000ab8       $SG4294967288              0000000140004ab8     HFMAGPSU-IOC-02_registerRecordDeviceDriver.obj
 0002:00000abc       $SG4294967287              0000000140004abc     HFMAGPSU-IOC-02_registerRecordDeviceDriver.obj
 0002:00000ac0       $SG4294967286              0000000140004ac0     HFMAGPSU-IOC-02_registerRecordDeviceDriver.obj
 0002:00000ac4       $SG4294967285              0000000140004ac4     HFMAGPSU-IOC-02_registerRecordDeviceDriver.obj
 0002:00000ac8       $SG4294967284              0000000140004ac8     HFMAGPSU-IOC-02_registerRecordDeviceDriver.obj
 0002:00000ad0       $SG4294967283              0000000140004ad0     HFMAGPSU-IOC-02_registerRecordDeviceDriver.obj
 0002:00000ad4       $SG4294967282              0000000140004ad4     HFMAGPSU-IOC-02_registerRecordDeviceDriver.obj
 0002:00000ad8       $SG4294967281              0000000140004ad8     HFMAGPSU-IOC-02_registerRecordDeviceDriver.obj
 0002:00000ae0       $SG4294967280              0000000140004ae0     HFMAGPSU-IOC-02_registerRecordDeviceDriver.obj
 0002:00000ae8       $SG4294967279              0000000140004ae8     HFMAGPSU-IOC-02_registerRecordDeviceDriver.obj
 0002:00000af4       $SG4294967277              0000000140004af4     HFMAGPSU-IOC-02_registerRecordDeviceDriver.obj
[...]
 0002:00001160       $SG4294967182              0000000140005160     HFMAGPSU-IOC-02_registerRecordDeviceDriver.obj
 0002:00001170       $SG4294967181              0000000140005170     HFMAGPSU-IOC-02_registerRecordDeviceDriver.obj
 0002:00001180       $SG4294967180              0000000140005180     HFMAGPSU-IOC-02_registerRecordDeviceDriver.obj
 0002:00001198       $SG4294967179              0000000140005198     HFMAGPSU-IOC-02_registerRecordDeviceDriver.obj
 0002:000011b0       $SG4294967178              00000001400051b0     HFMAGPSU-IOC-02_registerRecordDeviceDriver.obj
 0002:000011c8       $SG4294967177              00000001400051c8     HFMAGPSU-IOC-02_registerRecordDeviceDriver.obj
 0002:000011e8       $SG4294967176              00000001400051e8     HFMAGPSU-IOC-02_registerRecordDeviceDriver.obj
 0002:00001200       $SG4294967175              0000000140005200     HFMAGPSU-IOC-02_registerRecordDeviceDriver.obj
 0002:00001220       $SG4294967174              0000000140005220     HFMAGPSU-IOC-02_registerRecordDeviceDriver.obj
 0002:00001230       $SG4294967173              0000000140005230     HFMAGPSU-IOC-02_registerRecordDeviceDriver.obj
 0002:00001248       $SG4294967172              0000000140005248     HFMAGPSU-IOC-02_registerRecordDeviceDriver.obj
 0002:00001258       $SG4294967171              0000000140005258     HFMAGPSU-IOC-02_registerRecordDeviceDriver.obj
 0002:00001268       $SG4294967170              0000000140005268     HFMAGPSU-IOC-02_registerRecordDeviceDriver.obj
 0002:00001280       $SG4294967169              0000000140005280     HFMAGPSU-IOC-02_registerRecordDeviceDriver.obj
 0002:00001290       $SG4294967168              0000000140005290     HFMAGPSU-IOC-02_registerRecordDeviceDriver.obj
 0002:000012a8       $SG4294967167              00000001400052a8     HFMAGPSU-IOC-02_registerRecordDeviceDriver.obj
 0002:000012b8       $SG4294967166              00000001400052b8     HFMAGPSU-IOC-02_registerRecordDeviceDriver.obj
 0002:000012c8       $SG4294967165              00000001400052c8     HFMAGPSU-IOC-02_registerRecordDeviceDriver.obj
 0002:000012e0       $SG4294967164              00000001400052e0     HFMAGPSU-IOC-02_registerRecordDeviceDriver.obj
 0002:000012f8       $SG4294967163              00000001400052f8     HFMAGPSU-IOC-02_registerRecordDeviceDriver.obj
 0002:00001310       $SG4294967162              0000000140005310     HFMAGPSU-IOC-02_registerRecordDeviceDriver.obj
 0002:00001328       $SG4294967161              0000000140005328     HFMAGPSU-IOC-02_registerRecordDeviceDriver.obj
 0002:00001340       $SG4294967160              0000000140005340     HFMAGPSU-IOC-02_registerRecordDeviceDriver.obj
 0002:00001358       $SG4294967159              0000000140005358     HFMAGPSU-IOC-02_registerRecordDeviceDriver.obj
 0002:00001368       $SG4294967158              0000000140005368     HFMAGPSU-IOC-02_registerRecordDeviceDriver.obj
 0002:00001378       $SG4294967157              0000000140005378     HFMAGPSU-IOC-02_registerRecordDeviceDriver.obj
 0002:00001390       $SG4294967156              0000000140005390     HFMAGPSU-IOC-02_registerRecordDeviceDriver.obj
 0002:000013a0       $SG4294967155              00000001400053a0     HFMAGPSU-IOC-02_registerRecordDeviceDriver.obj
 0002:000013b8       $SG4294967154              00000001400053b8     HFMAGPSU-IOC-02_registerRecordDeviceDriver.obj
 0002:000013d0       $SG4294967153              00000001400053d0     HFMAGPSU-IOC-02_registerRecordDeviceDriver.obj
 0002:000013e0       $SG4294967152              00000001400053e0     HFMAGPSU-IOC-02_registerRecordDeviceDriver.obj
 0002:000013f0       $SG4294967151              00000001400053f0     HFMAGPSU-IOC-02_registerRecordDeviceDriver.obj
 0002:00001408       $SG4294967150              0000000140005408     HFMAGPSU-IOC-02_registerRecordDeviceDriver.obj
 0002:00001420       $SG4294967149              0000000140005420     HFMAGPSU-IOC-02_registerRecordDeviceDriver.obj
 0002:00001438       $SG4294967148              0000000140005438     HFMAGPSU-IOC-02_registerRecordDeviceDriver.obj
 0002:00001448       $SG4294967147              0000000140005448     HFMAGPSU-IOC-02_registerRecordDeviceDriver.obj
 0002:00001460       $SG4294967146              0000000140005460     HFMAGPSU-IOC-02_registerRecordDeviceDriver.obj
 0002:00001478       $SG4294967145              0000000140005478     HFMAGPSU-IOC-02_registerRecordDeviceDriver.obj
 0002:00001490       $SG4294967144              0000000140005490     HFMAGPSU-IOC-02_registerRecordDeviceDriver.obj
 0002:000014a8       $SG4294967143              00000001400054a8     HFMAGPSU-IOC-02_registerRecordDeviceDriver.obj
 0002:000014c0       $SG4294967142              00000001400054c0     HFMAGPSU-IOC-02_registerRecordDeviceDriver.obj
 0002:000014d8       $SG4294967141              00000001400054d8     HFMAGPSU-IOC-02_registerRecordDeviceDriver.obj
 0002:000014f0       $SG4294967140              00000001400054f0     HFMAGPSU-IOC-02_registerRecordDeviceDriver.obj
 0002:00001508       $SG4294967139              0000000140005508     HFMAGPSU-IOC-02_registerRecordDeviceDriver.obj
 0002:00001520       $SG4294967138              0000000140005520     HFMAGPSU-IOC-02_registerRecordDeviceDriver.obj
 0002:00001538       $SG4294967137              0000000140005538     HFMAGPSU-IOC-02_registerRecordDeviceDriver.obj
 0002:00001550       $SG4294967136              0000000140005550     HFMAGPSU-IOC-02_registerRecordDeviceDriver.obj
 0002:00001568       $SG4294967135              0000000140005568     HFMAGPSU-IOC-02_registerRecordDeviceDriver.obj
 0002:00001580       $SG4294967134              0000000140005580     HFMAGPSU-IOC-02_registerRecordDeviceDriver.obj
 0002:00001598       $SG4294967133              0000000140005598     HFMAGPSU-IOC-02_registerRecordDeviceDriver.obj
 0002:000015a0       $SG4294967131              00000001400055a0     HFMAGPSU-IOC-02_registerRecordDeviceDriver.obj
 0002:000015b0       $SG4294967130              00000001400055b0     HFMAGPSU-IOC-02_registerRecordDeviceDriver.obj
 0002:000015c0       $SG4294967129              00000001400055c0     HFMAGPSU-IOC-02_registerRecordDeviceDriver.obj
 0002:000015d0       $SG4294967128              00000001400055d0     HFMAGPSU-IOC-02_registerRecordDeviceDriver.obj
 0002:000015e0       $SG4294967127              00000001400055e0     HFMAGPSU-IOC-02_registerRecordDeviceDriver.obj
 0002:000015f8       $SG4294967126              00000001400055f8     HFMAGPSU-IOC-02_registerRecordDeviceDriver.obj
 0002:00001610       $SG4294967125              0000000140005610     HFMAGPSU-IOC-02_registerRecordDeviceDriver.obj
 0002:00001630       $SG4294967124              0000000140005630     HFMAGPSU-IOC-02_registerRecordDeviceDriver.obj
 0002:00001640       $SG4294967123              0000000140005640     HFMAGPSU-IOC-02_registerRecordDeviceDriver.obj
 0002:00001658       $SG4294967122              0000000140005658     HFMAGPSU-IOC-02_registerRecordDeviceDriver.obj
 0002:00001670       $SG4294967121              0000000140005670     HFMAGPSU-IOC-02_registerRecordDeviceDriver.obj
 0002:00001688       $SG4294967120              0000000140005688     HFMAGPSU-IOC-02_registerRecordDeviceDriver.obj
 0002:000016a0       $SG4294967119              00000001400056a0     HFMAGPSU-IOC-02_registerRecordDeviceDriver.obj
 0002:000016b8       $SG4294967118              00000001400056b8     HFMAGPSU-IOC-02_registerRecordDeviceDriver.obj
 0002:000016d0       $SG4294967117              00000001400056d0     HFMAGPSU-IOC-02_registerRecordDeviceDriver.obj
 0002:000016e8       $SG4294967116              00000001400056e8     HFMAGPSU-IOC-02_registerRecordDeviceDriver.obj
 0002:00001708       $SG4294967115              0000000140005708     HFMAGPSU-IOC-02_registerRecordDeviceDriver.obj
 0002:00001720       $SG4294967114              0000000140005720     HFMAGPSU-IOC-02_registerRecordDeviceDriver.obj
 0002:00001740       $SG4294967113              0000000140005740     HFMAGPSU-IOC-02_registerRecordDeviceDriver.obj
 0002:00001758       $SG4294967112              0000000140005758     HFMAGPSU-IOC-02_registerRecordDeviceDriver.obj
 0002:00001778       $SG4294967111              0000000140005778     HFMAGPSU-IOC-02_registerRecordDeviceDriver.obj
 0002:00001798       $SG4294967110              0000000140005798     HFMAGPSU-IOC-02_registerRecordDeviceDriver.obj
 0002:000017a8       $SG4294967109              00000001400057a8     HFMAGPSU-IOC-02_registerRecordDeviceDriver.obj
 0002:000017b8       $SG4294967108              00000001400057b8     HFMAGPSU-IOC-02_registerRecordDeviceDriver.obj
 0002:000017c8       $SG4294967107              00000001400057c8     HFMAGPSU-IOC-02_registerRecordDeviceDriver.obj
 0002:000017f8       $SG4294967104              00000001400057f8     HFMAGPSU-IOC-02_registerRecordDeviceDriver.obj
 0002:00001830       $SG4294967105              0000000140005830     HFMAGPSU-IOC-02_registerRecordDeviceDriver.obj
 0002:00001888       $SG4294967103              0000000140005888     HFMAGPSU-IOC-02_registerRecordDeviceDriver.obj
 0002:000018b0       $SG4294967102              00000001400058b0     HFMAGPSU-IOC-02_registerRecordDeviceDriver.obj
 0002:000018b8       $SG4294967101              00000001400058b8     HFMAGPSU-IOC-02_registerRecordDeviceDriver.obj
 0002:000018e8       rrddFuncDef                00000001400058e8     HFMAGPSU-IOC-02_registerRecordDeviceDriver.obj
 0002:00001900       deviceSupportNames         0000000140005900     HFMAGPSU-IOC-02_registerRecordDeviceDriver.obj
 0002:00001ce0       recordTypeNames            0000000140005ce0     HFMAGPSU-IOC-02_registerRecordDeviceDriver.obj
 0002:00001de8       rrddArg0                   0000000140005de8     HFMAGPSU-IOC-02_registerRecordDeviceDriver.obj
 0002:00002220       $unwind$printf             0000000140006220     HFMAGPSU-IOC-02_registerRecordDeviceDriver.obj
 0002:0000222c       $unwind$__scrt_acquire_startup_lock 000000014000622c     MSVCRT:utility.obj
 0002:0000222c       $unwind$atexit             000000014000622c     MSVCRT:utility.obj
 0002:0000222c       $unwind$__scrt_initialize_default_local_stdio_options 000000014000622c     MSVCRT:default_local_stdio_options.obj
 0002:0000222c       $unwind$??__Edone@@YAXXZ   000000014000622c     HFMAGPSU-IOC-02_registerRecordDeviceDriver.obj
 0002:0000222c       $unwind$__scrt_is_managed_app 000000014000622c     MSVCRT:utility_desktop.obj
 0002:0000222c       $unwind$?post_pgo_initialization@@YAHXZ 000000014000622c     MSVCRT:exe_main.obj
 0002:0000222c       $unwind$__scrt_unhandled_exception_filter 000000014000622c     MSVCRT:utility_desktop.obj
 0002:0000222c       $unwind$mainCRTStartup     000000014000622c     MSVCRT:exe_main.obj
 0002:0000222c       $unwind$?pre_cpp_initialization@@YAXXZ 000000014000622c     MSVCRT:exe_main.obj
 0002:00002238       $xdatasym                  0000000140006238     MSVCRT:_amdsecgs_.obj
 0002:0000223c       $unwind$?__scrt_common_main_seh@@YAHXZ 000000014000623c     MSVCRT:exe_main.obj
 0002:00002264       $unwind$?filt$0@?0??__scrt_common_main_seh@@YAHXZ@4HA 0000000140006264     MSVCRT:exe_main.obj
 0002:0000226c       $unwind$__report_gsfailure 000000014000626c     MSVCRT:gs_report.obj
 0002:00002274       $unwind$capture_previous_context 0000000140006274     MSVCRT:gs_report.obj
 0002:00002280       $unwind$__scrt_is_nonwritable_in_current_image 0000000140006280     MSVCRT:utility.obj
 0002:000022a0       $unwind$__scrt_is_nonwritable_in_current_image$filt$0 00000001400062a0     MSVCRT:utility.obj
 0002:000022a8       $unwind$_onexit            00000001400062a8     MSVCRT:utility.obj
 0002:000022a8       $unwind$__raise_securityfailure 00000001400062a8     MSVCRT:gs_report.obj
 0002:000022a8       $unwind$__scrt_uninitialize_crt 00000001400062a8     MSVCRT:utility.obj
 0002:000022a8       $unwind$?pre_c_initialization@@YAHXZ 00000001400062a8     MSVCRT:exe_main.obj
 0002:000022a8       $unwind$__scrt_release_startup_lock 00000001400062a8     MSVCRT:utility.obj
 0002:000022a8       $unwind$__scrt_initialize_crt 00000001400062a8     MSVCRT:utility.obj
 0002:000022b0       $unwind$__scrt_initialize_onexit_tables 00000001400062b0     MSVCRT:utility.obj
 0002:000022bc       $unwind$__security_init_cookie 00000001400062bc     MSVCRT:gs_support.obj
 0002:000022c8       $unwind$__scrt_fastfail    00000001400062c8     MSVCRT:utility_desktop.obj
 0002:000022d8       $unwind$_RTC_Initialize    00000001400062d8     MSVCRT:_initsect_.obj
 0002:000022d8       $unwind$_RTC_Terminate     00000001400062d8     MSVCRT:_initsect_.obj
 0002:000022e8       $unwind$__isa_available_init 00000001400062e8     MSVCRT:_cpu_disp_.obj
 0002:00002300       $xdatasym                  0000000140006300     MSVCRT:_guard_dispatch_.obj
 0002:00002304       $unwind$?Registration@@YAHXZ 0000000140006304     HFMAGPSU-IOC-02_registerRecordDeviceDriver.obj
 0002:0000230c       $unwind$HFMAGPSU_IOC_02_registerRecordDeviceDriver 000000014000630c     HFMAGPSU-IOC-02_registerRecordDeviceDriver.obj
 0002:00002318       $unwind$main               0000000140006318     HFMAGPSU-IOC-02Main.obj
 0002:00002ef6       .idata$6                   0000000140006ef6     seqDev:seqDev.dll
 0002:00003012       .idata$6                   0000000140007012     devIocStats:devIocStats.dll
 0002:0000303e       .idata$6                   000000014000703e     pvdump:pvdump.dll
 0002:00003068       .idata$6                   0000000140007068     caPutLog:caPutLog.dll
 0002:000030b6       .idata$6                   00000001400070b6     icpconfig:icpconfig.dll
 0002:00003244       .idata$6                   0000000140007244     autosave:autosave.dll
 0002:0000334e       .idata$6                   000000014000734e     utilities:utilities.dll
 0002:00003560       .idata$6                   0000000140007560     stream:stream.dll
 0002:00003bc2       .idata$6                   0000000140007bc2     asyn:asyn.dll
 0002:00004a98       .idata$6                   0000000140008a98     dbRecStd:dbRecStd.dll
 0002:00004bee       .idata$6                   0000000140008bee     dbCore:dbCore.dll
 0002:00004c72       .idata$6                   0000000140008c72     Com:Com.dll
 0002:00004dd8       .idata$6                   0000000140008dd8     kernel32:KERNEL32.dll
 0002:00004e08       .idata$6                   0000000140008e08     vcruntime:VCRUNTIME140.dll
 0002:00005002       .idata$6                   0000000140009002     ucrt:api-ms-win-crt-stdio-l1-1-0.dll
 0002:00005022       .idata$6                   0000000140009022     ucrt:api-ms-win-crt-environment-l1-1-0.dll
 0002:00005048       .idata$6                   0000000140009048     ucrt:api-ms-win-crt-runtime-l1-1-0.dll
 0002:0000506a       .idata$6                   000000014000906a     ucrt:api-ms-win-crt-math-l1-1-0.dll
 0002:0000508a       .idata$6                   000000014000908a     ucrt:api-ms-win-crt-locale-l1-1-0.dll
 0002:000050ac       .idata$6                   00000001400090ac     ucrt:api-ms-win-crt-heap-l1-1-0.dll
 0002:000050d6       .idata$6                   00000001400090d6     ucrt:api-ms-win-crt-string-l1-1-0.dll
 0003:00000040       rrddArgs                   000000014000a040     HFMAGPSU-IOC-02_registerRecordDeviceDriver.obj
 0003:00000048       driverSupportNames         000000014000a048     HFMAGPSU-IOC-02_registerRecordDeviceDriver.obj
 0003:00000060       vardefs                    000000014000a060     HFMAGPSU-IOC-02_registerRecordDeviceDriver.obj
 0003:000002c0       GS_ExceptionRecord         000000014000a2c0     MSVCRT:gs_report.obj
 0003:00000360       GS_ContextRecord           000000014000a360     MSVCRT:gs_report.obj
 0003:00000834       ?module_local_atexit_table_initialized@@3_NA 000000014000a834     MSVCRT:utility.obj
 0003:00000840       ?module_local_atexit_table@@3U_onexit_table_t@@A 000000014000a840     MSVCRT:utility.obj
 0003:00000858       ?module_local_at_quick_exit_table@@3U_onexit_table_t@@A 000000014000a858     MSVCRT:utility.obj
 0003:00000870       ?is_initialized_as_dll@@3_NA 000000014000a870     MSVCRT:utility.obj
 0003:000008a0       ?executed@?1??HFMAGPSU_IOC_02_registerRecordDeviceDriver@@9@4HA 000000014000a8a0     HFMAGPSU-IOC-02_registerRecordDeviceDriver.obj
 0003:000008b0       ?done@@3HA                 000000014000a8b0     HFMAGPSU-IOC-02_registerRecordDeviceDriver.obj
 0003:000008c0       rtl                        000000014000a8c0     HFMAGPSU-IOC-02_registerRecordDeviceDriver.obj
 0003:00000ad0       devsl                      000000014000aad0     HFMAGPSU-IOC-02_registerRecordDeviceDriver.obj
 0003:00000ea8       drvsl                      000000014000aea8     HFMAGPSU-IOC-02_registerRecordDeviceDriver.obj
 0004:00000000       $pdata$??__Edone@@YAXXZ    000000014000b000     HFMAGPSU-IOC-02_registerRecordDeviceDriver.obj
 0004:0000000c       $pdata$printf              000000014000b00c     HFMAGPSU-IOC-02_registerRecordDeviceDriver.obj
 0004:00000024       $pdata$?pre_c_initialization@@YAHXZ 000000014000b024     MSVCRT:exe_main.obj
 0004:00000030       $pdata$?post_pgo_initialization@@YAHXZ 000000014000b030     MSVCRT:exe_main.obj
 0004:0000003c       $pdata$?pre_cpp_initialization@@YAXXZ 000000014000b03c     MSVCRT:exe_main.obj
 0004:00000048       $pdata$?__scrt_common_main_seh@@YAHXZ 000000014000b048     MSVCRT:exe_main.obj
 0004:00000054       $pdata$mainCRTStartup      000000014000b054     MSVCRT:exe_main.obj
 0004:00000060       $pdata$__raise_securityfailure 000000014000b060     MSVCRT:gs_report.obj
 0004:0000006c       $pdata$__report_gsfailure  000000014000b06c     MSVCRT:gs_report.obj
 0004:00000078       $pdata$capture_previous_context 000000014000b078     MSVCRT:gs_report.obj
 0004:00000084       $pdata$__scrt_acquire_startup_lock 000000014000b084     MSVCRT:utility.obj
 0004:00000090       $pdata$__scrt_initialize_crt 000000014000b090     MSVCRT:utility.obj
 0004:0000009c       $pdata$__scrt_initialize_onexit_tables 000000014000b09c     MSVCRT:utility.obj
 0004:000000a8       $pdata$__scrt_is_nonwritable_in_current_image 000000014000b0a8     MSVCRT:utility.obj
 0004:000000b4       $pdata$__scrt_release_startup_lock 000000014000b0b4     MSVCRT:utility.obj
 0004:000000c0       $pdata$__scrt_uninitialize_crt 000000014000b0c0     MSVCRT:utility.obj
 0004:000000cc       $pdata$_onexit             000000014000b0cc     MSVCRT:utility.obj
 0004:000000d8       $pdata$atexit              000000014000b0d8     MSVCRT:utility.obj
 0004:000000e4       $pdata$__security_init_cookie 000000014000b0e4     MSVCRT:gs_support.obj
 0004:000000f0       $pdata$__scrt_initialize_default_local_stdio_options 000000014000b0f0     MSVCRT:default_local_stdio_options.obj
 0004:000000fc       $pdata$__scrt_fastfail     000000014000b0fc     MSVCRT:utility_desktop.obj
 0004:00000108       $pdata$__scrt_is_managed_app 000000014000b108     MSVCRT:utility_desktop.obj
 0004:00000114       $pdata$__scrt_unhandled_exception_filter 000000014000b114     MSVCRT:utility_desktop.obj
 0004:00000120       $pdata$_RTC_Initialize     000000014000b120     MSVCRT:_initsect_.obj
 0004:0000012c       $pdata$_RTC_Terminate      000000014000b12c     MSVCRT:_initsect_.obj
 0004:00000138       $pdata$__isa_available_init 000000014000b138     MSVCRT:_cpu_disp_.obj
 0004:00000144       $pdata$?Registration@@YAHXZ 000000014000b144     HFMAGPSU-IOC-02_registerRecordDeviceDriver.obj
 0004:00000150       $pdata$HFMAGPSU_IOC_02_registerRecordDeviceDriver 000000014000b150     HFMAGPSU-IOC-02_registerRecordDeviceDriver.obj
 0004:0000015c       $pdata$main                000000014000b15c     HFMAGPSU-IOC-02Main.obj
 0004:00000174       $pdata$?filt$0@?0??__scrt_common_main_seh@@YAHXZ@4HA 000000014000b174     MSVCRT:exe_main.obj
 0004:00000180       $pdata$__scrt_is_nonwritable_in_current_image$filt$0 000000014000b180     MSVCRT:utility.obj
